MPLINK 4.42, Linker
Linker Map File - Created Sat Jun 02 19:10:57 2012

                                 Section Info
                  Section       Type    Address   Location Size(Bytes)
                ---------  ---------  ---------  ---------  ---------
               _entry_scn       code   0x000000    program   0x000006
       .code__user_putc.o       code   0x000006    program   0x000002
              high_vector       code   0x000008    program   0x000006
                   .cinit    romdata   0x00000e    program   0x00000e
         .code_vfprintf.o       code   0x00001c    program   0x000c22
             .code_main.o       code   0x000c3e    program   0x000a6a
                     PROG       code   0x0016a8    program   0x000586
   .code_c18_lcd_driver.o       code   0x001c2e    program   0x0003fe
.code_dthc_lcd_controller.o       code   0x00202c    program   0x0003c2
          .code_sprintf.o       code   0x0023ee    program   0x0000ac
                   STRING       code   0x00249a    program   0x0000a8
               _cinit_scn       code   0x002542    program   0x00009e
            .code_uopen.o       code   0x0025e0    program   0x00008a
             .code_putc.o       code   0x00266a    program   0x000084
          .code_fxm3232.o       code   0x0026ee    program   0x000070
          .code_write_B.o       code   0x00275e    program   0x00004e
         .code_fxd3232u.o       code   0x0027ac    program   0x000048
           .code_read_B.o       code   0x0027f4    program   0x000044
          .code_t0write.o       code   0x002838    program   0x000038
           .code_t0open.o       code   0x002870    program   0x000038
             D10KTCYXCODE       code   0x0028a8    program   0x00002e
           .code_uwrite.o       code   0x0028d6    program   0x00002e
                    CTYPE       code   0x002904    program   0x000024
              D1KTCYXCODE       code   0x002928    program   0x000020
                    .code       code   0x002948    program   0x000020
             _startup_scn       code   0x002968    program   0x00001c
                    STDIO       code   0x002984    program   0x00001c
              D10TCYXCODE       code   0x0029a0    program   0x000016
             .stringtable    romdata   0x0029b6    program   0x000013
      .romdata_vfprintf.o    romdata   0x0029c9    program   0x000011
           .code___init.o       code   0x0029da    program   0x000002
    .romdata__user_putc.o    romdata   0x0029dc    program   0x000000
        .romdata_uwrite.o    romdata   0x0029dc    program   0x000000
         .idata_udefs.o_i    romdata   0x0029dc    program   0x000000
         .romdata_udefs.o    romdata   0x0029dc    program   0x000000
       .idata_write_B.o_i    romdata   0x0029dc    program   0x000000
       .romdata_write_B.o    romdata   0x0029dc    program   0x000000
          .romdata_putc.o    romdata   0x0029dc    program   0x000000
        .romdata___init.o    romdata   0x0029dc    program   0x000000
          .idata_putc.o_i    romdata   0x0029dc    program   0x000000
       .idata_sprintf.o_i    romdata   0x0029dc    program   0x000000
       .romdata_sprintf.o    romdata   0x0029dc    program   0x000000
      .idata_vfprintf.o_i    romdata   0x0029dc    program   0x000000
         .romdata_c018i.o    romdata   0x0029dc    program   0x000000
          .idata_main.o_i    romdata   0x0029dc    program   0x000000
          .romdata_main.o    romdata   0x0029dc    program   0x000000
.romdata_c18_lcd_driver.o    romdata   0x0029dc    program   0x000000
.idata_dthc_lcd_controller.o_i    romdata   0x0029dc    program   0x000047
.romdata_dthc_lcd_controller.o    romdata   0x0029dc    program   0x000000
      .idata_fxd3232u.o_i    romdata   0x0029dc    program   0x000000
      .romdata_fxd3232u.o    romdata   0x0029dc    program   0x000000
       .idata_fxm3232.o_i    romdata   0x0029dc    program   0x000000
       .romdata_fxm3232.o    romdata   0x0029dc    program   0x000000
        .idata_t0open.o_i    romdata   0x0029dc    program   0x000000
        .romdata_t0open.o    romdata   0x0029dc    program   0x000000
         .idata_uopen.o_i    romdata   0x0029dc    program   0x000000
         .romdata_uopen.o    romdata   0x0029dc    program   0x000000
        .idata_uwrite.o_i    romdata   0x0029dc    program   0x000000
        .idata_read_B.o_i    romdata   0x0029dc    program   0x000000
        .romdata_read_B.o    romdata   0x0029dc    program   0x000000
       .romdata_t0write.o    romdata   0x0029dc    program   0x000000
       .idata_t0write.o_i    romdata   0x0029dc    program   0x000000
         .idata_c018i.o_i    romdata   0x002a23    program   0x000000
    .idata__user_putc.o_i    romdata   0x002a23    program   0x000000
.idata_c18_lcd_driver.o_i    romdata   0x002a23    program   0x000000
        .idata___init.o_i    romdata   0x002a23    program   0x000000
            .code_c018i.o       code   0x002a24    program   0x000000
            .code_udefs.o       code   0x002a24    program   0x000000
    .config_300001_main.o    romdata   0x300001    program   0x000001
    .config_300003_main.o    romdata   0x300003    program   0x000001
    .config_300006_main.o    romdata   0x300006    program   0x000001
                MATH_DATA      udata   0x000000       data   0x000014
                 .tmpdata      udata   0x000014       data   0x000008
                DELAYDAT2      udata   0x00001c       data   0x000001
                DELAYDAT1      udata   0x00001d       data   0x000001
            .udata_main.o      udata   0x000060       data   0x000070
.udata_dthc_lcd_controller.o      udata   0x0000d0       data   0x000012
  .udata_c18_lcd_driver.o      udata   0x0000e2       data   0x000010
           .udata_c018i.o      udata   0x0000f2       data   0x00000a
           .udata_udefs.o      udata   0x0000fc       data   0x000001
          .udata_uwrite.o      udata   0x0000fd       data   0x000000
          .idata_uwrite.o      idata   0x0000fd       data   0x000000
           .idata_udefs.o      idata   0x0000fd       data   0x000000
         .udata_write_B.o      udata   0x0000fd       data   0x000000
         .idata_write_B.o      idata   0x0000fd       data   0x000000
          .udata___init.o      udata   0x0000fd       data   0x000000
          .idata___init.o      idata   0x0000fd       data   0x000000
         .udata_sprintf.o      udata   0x0000fd       data   0x000000
         .idata_sprintf.o      idata   0x0000fd       data   0x000000
        .udata_vfprintf.o      udata   0x0000fd       data   0x000000
        .idata_vfprintf.o      idata   0x0000fd       data   0x000000
            .udata_putc.o      udata   0x0000fd       data   0x000000
            .idata_putc.o      idata   0x0000fd       data   0x000000
      .udata__user_putc.o      udata   0x0000fd       data   0x000000
      .idata__user_putc.o      idata   0x0000fd       data   0x000000
           .idata_c018i.o      idata   0x0000fd       data   0x000000
            .idata_main.o      idata   0x0000fd       data   0x000000
  .idata_c18_lcd_driver.o      idata   0x0000fd       data   0x000000
        .udata_fxd3232u.o      udata   0x0000fd       data   0x000000
        .idata_fxd3232u.o      idata   0x0000fd       data   0x000000
         .udata_fxm3232.o      udata   0x0000fd       data   0x000000
         .idata_fxm3232.o      idata   0x0000fd       data   0x000000
          .udata_t0open.o      udata   0x0000fd       data   0x000000
          .idata_t0open.o      idata   0x0000fd       data   0x000000
           .udata_uopen.o      udata   0x0000fd       data   0x000000
           .idata_uopen.o      idata   0x0000fd       data   0x000000
          .udata_read_B.o      udata   0x0000fd       data   0x000000
          .idata_read_B.o      idata   0x0000fd       data   0x000000
         .udata_t0write.o      udata   0x0000fd       data   0x000000
         .idata_t0write.o      idata   0x0000fd       data   0x000000
.idata_dthc_lcd_controller.o      idata   0x000100       data   0x000047
                   .stack      udata   0x000200       data   0x000100
            SFR_UNBANKED0      udata   0x000f60       data   0x0000a0



                              Program Memory Usage 
                               Start         End      
                           ---------   ---------      
                            0x000000    0x002a22      
                            0x300001    0x300001      
                            0x300003    0x300003      
                            0x300006    0x300006      
            10790 out of 16664 program addresses used, program memory utilization is 64%



                              Symbols - Sorted by Name
                     Name    Address   Location    Storage File                     
                ---------  ---------  ---------  --------- ---------                
                Clear_LCD   0x001cfa    program     extern C:\Users\Studio-Master\Desktop\Work\THC\27.05_DTHC\MainDTHC\c18_lcd_driver.c
                   D10K_1   0x0028b4    program     static C:\MCC18\src\traditional\delays\d10ktcyx.asm
                    D10Kl   0x0028c0    program     static C:\MCC18\src\traditional\delays\d10ktcyx.asm
                    D10Kx   0x0028b2    program     static C:\MCC18\src\traditional\delays\d10ktcyx.asm
                    D10_1   0x0029b0    program     static C:\MCC18\src\traditional\delays\d10tcyx.asm
                     D10x   0x0029a8    program     static C:\MCC18\src\traditional\delays\d10tcyx.asm
                    D1K_1   0x002934    program     static C:\MCC18\src\traditional\delays\d1ktcyx.asm
                     D1Kx   0x002932    program     static C:\MCC18\src\traditional\delays\d1ktcyx.asm
             Delay10KTCYx   0x0028a8    program     extern C:\MCC18\src\traditional\delays\d10ktcyx.asm
              Delay10TCYx   0x0029a0    program     extern C:\MCC18\src\traditional\delays\d10tcyx.asm
              Delay1KTCYx   0x002928    program     extern C:\MCC18\src\traditional\delays\d1ktcyx.asm
                Delay50US   0x000e7e    program     extern C:\Users\Studio-Master\Desktop\Work\THC\27.05_DTHC\MainDTHC\main.c
             Delay_tW_LCD   0x001fa0    program     extern C:\Users\Studio-Master\Desktop\Work\THC\27.05_DTHC\MainDTHC\c18_lcd_driver.c
         Enable_Blink_LCD   0x001cd0    program     extern C:\Users\Studio-Master\Desktop\Work\THC\27.05_DTHC\MainDTHC\c18_lcd_driver.c
                 FLO0832S   0x0016ac    program     extern C:\MCC18\src\traditional\math\cast08FP.asm
                 FLO0832U   0x0016a8    program     extern C:\MCC18\src\traditional\math\cast08FP.asm
                 FLO3232S   0x0016ce    program     extern C:\MCC18\src\traditional\math\cast32FP.asm
                 FLO3232U   0x0016ca    program     extern C:\MCC18\src\traditional\math\cast32FP.asm
                    FPA32   0x001882    program     extern C:\MCC18\src\traditional\math\addFP.asm
                    FPD32   0x001700    program     extern C:\MCC18\src\traditional\math\divFP.asm
                    FPM32   0x0017a6    program     extern C:\MCC18\src\traditional\math\mulFP.asm
                    FPS32   0x001880    program     extern C:\MCC18\src\traditional\math\addFP.asm
                 FXD3232U   0x0027ac    program     extern C:\MCC18\src\traditional\math\fxd3232u.c
                 FXM1616S   0x001bd4    program     extern C:\MCC18\src\traditional\math\fxm1616s.asm
                  FXM3232   0x0026ee    program     extern C:\MCC18\src\traditional\math\fxm3232.c
             Get_ADC_Demo   0x000cfe    program     extern C:\Users\Studio-Master\Desktop\Work\THC\27.05_DTHC\MainDTHC\main.c
                  INT3216   0x0019ae    program     extern C:\MCC18\src\traditional\math\castFP16.asm
                InitTimer   0x000d38    program     extern C:\Users\Studio-Master\Desktop\Work\THC\27.05_DTHC\MainDTHC\main.c
            Init_ADC_Demo   0x000ce6    program     extern C:\Users\Studio-Master\Desktop\Work\THC\27.05_DTHC\MainDTHC\main.c
            Init_DTHC_LCD   0x00202c    program     extern C:\Users\Studio-Master\Desktop\Work\THC\27.05_DTHC\MainDTHC\dthc_lcd_controller.c
             Init_IO_Port   0x000d26    program     extern C:\Users\Studio-Master\Desktop\Work\THC\27.05_DTHC\MainDTHC\main.c
          Initial_4bitLCD   0x001c52    program     extern C:\Users\Studio-Master\Desktop\Work\THC\27.05_DTHC\MainDTHC\c18_lcd_driver.c
         InitializeSystem   0x000d96    program     extern C:\Users\Studio-Master\Desktop\Work\THC\27.05_DTHC\MainDTHC\main.c
    LCD_ReInit_MainScreen   0x00208e    program     extern C:\Users\Studio-Master\Desktop\Work\THC\27.05_DTHC\MainDTHC\dthc_lcd_controller.c
         LCD_SetEditValue   0x0023b4    program     extern C:\Users\Studio-Master\Desktop\Work\THC\27.05_DTHC\MainDTHC\dthc_lcd_controller.c
              LCD_SetMode   0x002212    program     extern C:\Users\Studio-Master\Desktop\Work\THC\27.05_DTHC\MainDTHC\dthc_lcd_controller.c
               LCD_Update   0x00212e    program     extern C:\Users\Studio-Master\Desktop\Work\THC\27.05_DTHC\MainDTHC\dthc_lcd_controller.c
       Lcd_E_Strobe_Delay   0x001c46    program     extern C:\Users\Studio-Master\Desktop\Work\THC\27.05_DTHC\MainDTHC\c18_lcd_driver.c
           Lcd_Init_Delay   0x001c2e    program     extern C:\Users\Studio-Master\Desktop\Work\THC\27.05_DTHC\MainDTHC\c18_lcd_driver.c
        Lcd_Special_Delay   0x001c3a    program     extern C:\Users\Studio-Master\Desktop\Work\THC\27.05_DTHC\MainDTHC\c18_lcd_driver.c
               OpenTimer0   0x002870    program     extern C:\MCC18\src\pmc_common\Timers\t0open.c
                OpenUSART   0x0025e0    program     extern C:\MCC18\src\pmc_common\USART\uopen.c
         ProcessADCSignal   0x000f62    program     extern C:\Users\Studio-Master\Desktop\Work\THC\27.05_DTHC\MainDTHC\main.c
             Read_BusyLCD   0x001fa4    program     extern C:\Users\Studio-Master\Desktop\Work\THC\27.05_DTHC\MainDTHC\c18_lcd_driver.c
               Read_b_eep   0x0027f4    program     extern C:\MCC18\src\pmc_common\EEP\read_B.c
                 SetArrow   0x002382    program     extern C:\Users\Studio-Master\Desktop\Work\THC\27.05_DTHC\MainDTHC\dthc_lcd_controller.c
                SetCursor   0x001d06    program     extern C:\Users\Studio-Master\Desktop\Work\THC\27.05_DTHC\MainDTHC\c18_lcd_driver.c
                  SetTipV   0x000f36    program     extern C:\Users\Studio-Master\Desktop\Work\THC\27.05_DTHC\MainDTHC\main.c
             SetValueSetV   0x002366    program     extern C:\Users\Studio-Master\Desktop\Work\THC\27.05_DTHC\MainDTHC\dthc_lcd_controller.c
             SetValueTipV   0x00234a    program     extern C:\Users\Studio-Master\Desktop\Work\THC\27.05_DTHC\MainDTHC\dthc_lcd_controller.c
          SetVisibleArrow   0x000f1a    program     extern C:\Users\Studio-Master\Desktop\Work\THC\27.05_DTHC\MainDTHC\main.c
           SetVisible_ARC   0x00231e    program     extern C:\Users\Studio-Master\Desktop\Work\THC\27.05_DTHC\MainDTHC\dthc_lcd_controller.c
           SetVisible_TOR   0x0022f2    program     extern C:\Users\Studio-Master\Desktop\Work\THC\27.05_DTHC\MainDTHC\dthc_lcd_controller.c
                  TALTB32   0x001a0c    program     extern C:\MCC18\src\traditional\math\ltFP.asm
               TSIGN1616A   0x001c20    program     static C:\MCC18\src\traditional\math\fxm1616s.asm
               VisibleARC   0x000efa    program     extern C:\Users\Studio-Master\Desktop\Work\THC\27.05_DTHC\MainDTHC\main.c
               VisibleTOR   0x000eda    program     extern C:\Users\Studio-Master\Desktop\Work\THC\27.05_DTHC\MainDTHC\main.c
              WriteCmdLCD   0x001dda    program     extern C:\Users\Studio-Master\Desktop\Work\THC\27.05_DTHC\MainDTHC\c18_lcd_driver.c
             WriteDataLCD   0x001ebc    program     extern C:\Users\Studio-Master\Desktop\Work\THC\27.05_DTHC\MainDTHC\c18_lcd_driver.c
              WriteTimer0   0x002838    program     extern C:\MCC18\src\pmc_common\Timers\t0write.c
               WriteUSART   0x0028d6    program     extern C:\MCC18\src\pmc_common\USART\uwrite.c
           Write_Data_EEP   0x000d56    program     extern C:\Users\Studio-Master\Desktop\Work\THC\27.05_DTHC\MainDTHC\main.c
              Write_b_eep   0x00275e    program     extern C:\MCC18\src\pmc_common\EEP\write_B.c
                   _2jEnd   0x00252c    program     static C:\MCC18\src\traditional\stdclib\slenpgm.asm
       _D10KTCYXCODE_0010   0x0028b8    program     static C:\MCC18\src\traditional\delays\d10ktcyx.asm
       _D10KTCYXCODE_001C   0x0028c4    program     static C:\MCC18\src\traditional\delays\d10ktcyx.asm
        _D10TCYXCODE_000A   0x0029aa    program     static C:\MCC18\src\traditional\delays\d10tcyx.asm
        _D10TCYXCODE_000C   0x0029ac    program     static C:\MCC18\src\traditional\delays\d10tcyx.asm
        _D10TCYXCODE_000E   0x0029ae    program     static C:\MCC18\src\traditional\delays\d10tcyx.asm
        _D1KTCYXCODE_0010   0x002938    program     static C:\MCC18\src\traditional\delays\d1ktcyx.asm
        _D1KTCYXCODE_0016   0x00293e    program     static C:\MCC18\src\traditional\delays\d1ktcyx.asm
              __FpCompare   0x001a1e    program     extern C:\MCC18\src\traditional\math\compFP.asm
                 __FpExit   0x001ad4    program     extern C:\MCC18\src\traditional\math\packFP.asm
                 __FpPack   0x001b00    program     extern C:\MCC18\src\traditional\math\packFP.asm
            __FpReturnNaN   0x001ac8    program     extern C:\MCC18\src\traditional\math\packFP.asm
         __FpReturnNegInf   0x001ada    program     extern C:\MCC18\src\traditional\math\packFP.asm
        __FpReturnNegZero   0x001af2    program     extern C:\MCC18\src\traditional\math\packFP.asm
         __FpReturnPosInf   0x001ae0    program     extern C:\MCC18\src\traditional\math\packFP.asm
        __FpReturnPosZero   0x001afa    program     extern C:\MCC18\src\traditional\math\packFP.asm
        __FpReturnSignInf   0x001ad6    program     extern C:\MCC18\src\traditional\math\packFP.asm
       __FpReturnSignZero   0x001aee    program     extern C:\MCC18\src\traditional\math\packFP.asm
              __FpReturnW   0x001b58    program     extern C:\MCC18\src\traditional\math\packFP.asm
              __FpUnPackA   0x001b78    program     extern C:\MCC18\src\traditional\math\UnpackFP.asm
              __FpUnPackB   0x001ba8    program     extern C:\MCC18\src\traditional\math\UnpackFP.asm
         ___else_lbl00029   0x000e22    program     static                          
         ___else_lbl00069   0x001430    program     static                          
         ___else_lbl00081   0x00165a    program     static                          
         ___else_lbl00083   0x00168e    program     static                          
         ___else_lbl00085   0x001660    program     static                          
          ___for_lbl00025   0x000e1a    program     static                          
          ___for_lbl00026   0x000e20    program     static                          
          ___for_lbl00027   0x000de4    program     static                          
           ___if_lbl00028   0x000e5a    program     static                          
           ___if_lbl00068   0x001466    program     static                          
           ___if_lbl00070   0x00146a    program     static                          
           ___if_lbl00071   0x0014e6    program     static                          
           ___if_lbl00072   0x001510    program     static                          
           ___if_lbl00073   0x00155e    program     static                          
           ___if_lbl00074   0x0015ac    program     static                          
           ___if_lbl00075   0x0015b6    program     static                          
           ___if_lbl00076   0x0015c4    program     static                          
           ___if_lbl00077   0x0015fa    program     static                          
           ___if_lbl00078   0x0015fe    program     static                          
           ___if_lbl00080   0x00165e    program     static                          
           ___if_lbl00082   0x001692    program     static                          
           ___if_lbl00084   0x001692    program     static                          
           ___if_lbl00086   0x001692    program     static                          
           ___if_lbl00087   0x001692    program     static                          
       ___return_lbl00000   0x00282c    program     static                          
       ___return_lbl00000   0x000004    program     static                          
       ___return_lbl00000   0x00275c    program     static                          
       ___return_lbl00000   0x0027f2    program     static                          
       ___return_lbl00000   0x00000c    program     static                          
       ___return_lbl00001   0x002982    program     static                          
       ___return_lbl00002   0x0025de    program     static                          
       ___return_lbl00024   0x000e6a    program     static                          
       ___return_lbl00065   0x001694    program     static                          
        ___while_lbl00066   0x0013cc    program     static                          
        ___while_lbl00067   0x001694    program     static                          
               __config_0   0x300001    program     static C:\Users\Studio-Master\Desktop\Work\THC\27.05_DTHC\MainDTHC\main.c
               __config_1   0x300003    program     static C:\Users\Studio-Master\Desktop\Work\THC\27.05_DTHC\MainDTHC\main.c
               __config_2   0x300006    program     static C:\Users\Studio-Master\Desktop\Work\THC\27.05_DTHC\MainDTHC\main.c
                   __init   0x0029da    program     extern C:\MCC18\src\traditional\stdclib\__init.c
                   __pa_0   0x00095c    program     static C:\MCC18\src\traditional\stdclib\vfprintf.c
                   __pa_1   0x000964    program     static C:\MCC18\src\traditional\stdclib\vfprintf.c
                  __pa_10   0x000a18    program     static C:\MCC18\src\traditional\stdclib\vfprintf.c
                  __pa_11   0x000a26    program     static C:\MCC18\src\traditional\stdclib\vfprintf.c
                  __pa_12   0x000a3c    program     static C:\MCC18\src\traditional\stdclib\vfprintf.c
                  __pa_13   0x000a56    program     static C:\MCC18\src\traditional\stdclib\vfprintf.c
                  __pa_14   0x000a6e    program     static C:\MCC18\src\traditional\stdclib\vfprintf.c
                  __pa_15   0x000a7e    program     static C:\MCC18\src\traditional\stdclib\vfprintf.c
                  __pa_16   0x000a94    program     static C:\MCC18\src\traditional\stdclib\vfprintf.c
                  __pa_17   0x000aa6    program     static C:\MCC18\src\traditional\stdclib\vfprintf.c
                  __pa_18   0x000ab8    program     static C:\MCC18\src\traditional\stdclib\vfprintf.c
                  __pa_19   0x000ac2    program     static C:\MCC18\src\traditional\stdclib\vfprintf.c
                   __pa_2   0x00096e    program     static C:\MCC18\src\traditional\stdclib\vfprintf.c
                  __pa_20   0x000ad2    program     static C:\MCC18\src\traditional\stdclib\vfprintf.c
                  __pa_21   0x000ae2    program     static C:\MCC18\src\traditional\stdclib\vfprintf.c
                  __pa_22   0x000af2    program     static C:\MCC18\src\traditional\stdclib\vfprintf.c
                  __pa_23   0x000afe    program     static C:\MCC18\src\traditional\stdclib\vfprintf.c
                  __pa_24   0x000b0c    program     static C:\MCC18\src\traditional\stdclib\vfprintf.c
                  __pa_25   0x000b14    program     static C:\MCC18\src\traditional\stdclib\vfprintf.c
                  __pa_26   0x000b1e    program     static C:\MCC18\src\traditional\stdclib\vfprintf.c
                  __pa_27   0x000b28    program     static C:\MCC18\src\traditional\stdclib\vfprintf.c
                  __pa_28   0x000b30    program     static C:\MCC18\src\traditional\stdclib\vfprintf.c
                  __pa_29   0x000b3e    program     static C:\MCC18\src\traditional\stdclib\vfprintf.c
                   __pa_3   0x000978    program     static C:\MCC18\src\traditional\stdclib\vfprintf.c
                  __pa_30   0x000b5a    program     static C:\MCC18\src\traditional\stdclib\vfprintf.c
                  __pa_31   0x000b74    program     static C:\MCC18\src\traditional\stdclib\vfprintf.c
                  __pa_32   0x000b8e    program     static C:\MCC18\src\traditional\stdclib\vfprintf.c
                  __pa_33   0x000ba6    program     static C:\MCC18\src\traditional\stdclib\vfprintf.c
                  __pa_34   0x000bb0    program     static C:\MCC18\src\traditional\stdclib\vfprintf.c
                  __pa_35   0x000bbe    program     static C:\MCC18\src\traditional\stdclib\vfprintf.c
                  __pa_36   0x000bc6    program     static C:\MCC18\src\traditional\stdclib\vfprintf.c
                  __pa_37   0x000bd0    program     static C:\MCC18\src\traditional\stdclib\vfprintf.c
                  __pa_38   0x000be0    program     static C:\MCC18\src\traditional\stdclib\vfprintf.c
                  __pa_39   0x000bee    program     static C:\MCC18\src\traditional\stdclib\vfprintf.c
                   __pa_4   0x000990    program     static C:\MCC18\src\traditional\stdclib\vfprintf.c
                  __pa_40   0x000bfa    program     static C:\MCC18\src\traditional\stdclib\vfprintf.c
                  __pa_41   0x000c06    program     static C:\MCC18\src\traditional\stdclib\vfprintf.c
                  __pa_42   0x000c0e    program     static C:\MCC18\src\traditional\stdclib\vfprintf.c
                  __pa_43   0x000c18    program     static C:\MCC18\src\traditional\stdclib\vfprintf.c
                  __pa_44   0x000c1e    program     static C:\MCC18\src\traditional\stdclib\vfprintf.c
                  __pa_45   0x000c28    program     static C:\MCC18\src\traditional\stdclib\vfprintf.c
                  __pa_46   0x000c34    program     static C:\MCC18\src\traditional\stdclib\vfprintf.c
                   __pa_5   0x0009a4    program     static C:\MCC18\src\traditional\stdclib\vfprintf.c
                   __pa_6   0x0009c0    program     static C:\MCC18\src\traditional\stdclib\vfprintf.c
                   __pa_7   0x0009ca    program     static C:\MCC18\src\traditional\stdclib\vfprintf.c
                   __pa_8   0x0009d6    program     static C:\MCC18\src\traditional\stdclib\vfprintf.c
                   __pa_9   0x0009f8    program     static C:\MCC18\src\traditional\stdclib\vfprintf.c
               __string_7   0x0029c5    program     static C:\Users\Studio-Master\Desktop\Work\THC\27.05_DTHC\MainDTHC\dthc_lcd_controller.c
               __string_8   0x0029bb    program     static C:\Users\Studio-Master\Desktop\Work\THC\27.05_DTHC\MainDTHC\dthc_lcd_controller.c
               __string_9   0x0029b6    program     static C:\Users\Studio-Master\Desktop\Work\THC\27.05_DTHC\MainDTHC\dthc_lcd_controller.c
              __tmplbl_42   0x000af2    program     static                          
              __tmplbl_43   0x00093a    program     static                          
              __tmplbl_44   0x000920    program     static                          
              __tmplbl_85   0x000072    program     static                          
            __zero_memory   0x002948    program     extern C:\MCC18\src\traditional\proc\p18F4431.asm
                _do_cinit   0x002542    program     extern C:\MCC18\src\traditional\startup\c018i.c
                   _entry   0x000000    program     extern C:\MCC18\src\traditional\startup\c018i.c
                   _false   0x0027ee    program     static                          
                 _startup   0x002968    program     extern C:\MCC18\src\traditional\startup\c018i.c
              _usart_putc   0x002984    program     extern C:\MCC18\src\pmc_common\USART\_usartpc.asm
               _user_putc   0x000006    program     extern C:\MCC18\src\traditional\stdclib\_user_putc.c
                      abs   0x000e80    program     extern C:\Users\Studio-Master\Desktop\Work\THC\27.05_DTHC\MainDTHC\main.c
                compare_l   0x00295e    program     static C:\MCC18\src\traditional\proc\p18F4431.asm
                copy_loop   0x0025b4    program     static                          
            copy_one_byte   0x0025ba    program     static                          
                     done   0x0025de    program     static                          
             done_copying   0x0025c8    program     static                          
                 high_isr   0x000c3e    program     extern C:\Users\Studio-Master\Desktop\Work\THC\27.05_DTHC\MainDTHC\main.c
 interrupt_at_high_vector   0x000008    program     extern C:\Users\Studio-Master\Desktop\Work\THC\27.05_DTHC\MainDTHC\main.c
                  isdigit   0x002904    program     extern C:\MCC18\src\traditional\stdclib\isdigit.asm
                 jANotInf   0x00171e    program     static C:\MCC18\src\traditional\math\divFP.asm
                 jANotInf   0x0017c4    program     static C:\MCC18\src\traditional\math\mulFP.asm
                 jANotInf   0x0018aa    program     static C:\MCC18\src\traditional\math\addFP.asm
                 jANotNeg   0x00193e    program     static C:\MCC18\src\traditional\math\addFP.asm
                jANotZero   0x001732    program     static C:\MCC18\src\traditional\math\divFP.asm
              jAandWsetup   0x00190e    program     static C:\MCC18\src\traditional\math\addFP.asm
                  jAisNeg   0x001a9a    program     static C:\MCC18\src\traditional\math\compFP.asm
                 jAltBexp   0x0018fc    program     static C:\MCC18\src\traditional\math\addFP.asm
                jBANotInf   0x0018a0    program     static C:\MCC18\src\traditional\math\addFP.asm
                 jBNotInf   0x0018b8    program     static C:\MCC18\src\traditional\math\addFP.asm
              jBothFinite   0x0017d2    program     static C:\MCC18\src\traditional\math\mulFP.asm
             jBothNotZero   0x0017de    program     static C:\MCC18\src\traditional\math\mulFP.asm
             jBothNotZero   0x001a3c    program     static C:\MCC18\src\traditional\math\compFP.asm
            jDifOrPosSign   0x0018cc    program     static C:\MCC18\src\traditional\math\addFP.asm
                      jEQ   0x001a58    program     static C:\MCC18\src\traditional\math\compFP.asm
                     jEnd   0x0024f6    program     static C:\MCC18\src\traditional\stdclib\strlen.asm
                     jEnd   0x00252e    program     static C:\MCC18\src\traditional\stdclib\slenpgm.asm
                    jExch   0x001a64    program     static C:\MCC18\src\traditional\math\compFP.asm
                    jExit   0x001a0a    program     static C:\MCC18\src\traditional\math\castFP16.asm
                   jExpEQ   0x001aaa    program     static C:\MCC18\src\traditional\math\compFP.asm
                   jFinal   0x001a8e    program     static C:\MCC18\src\traditional\math\compFP.asm
               jFinalSign   0x0019a6    program     static C:\MCC18\src\traditional\math\addFP.asm
                jHaveZero   0x0017da    program     static C:\MCC18\src\traditional\math\mulFP.asm
                jI2F08Beg   0x0016b6    program     static C:\MCC18\src\traditional\math\cast08FP.asm
                jI2F32Beg   0x0016e6    program     static C:\MCC18\src\traditional\math\cast32FP.asm
                    jLoop   0x002516    program     static C:\MCC18\src\traditional\stdclib\slenpgm.asm
                    jLoop   0x0024ec    program     static C:\MCC18\src\traditional\stdclib\strlen.asm
                    jLoop   0x0019ea    program     static C:\MCC18\src\traditional\math\castFP16.asm
                    jLoop   0x00175a    program     static C:\MCC18\src\traditional\math\divFP.asm
                    jLoop   0x0024c2    program     static C:\MCC18\src\traditional\stdclib\strcpy.asm
                jLoopExit   0x0019fa    program     static C:\MCC18\src\traditional\math\castFP16.asm
                   jMatch   0x002924    program     static C:\MCC18\src\traditional\stdclib\isdigit.asm
                     jMax   0x0019be    program     static C:\MCC18\src\traditional\math\castFP16.asm
                  jMaxNeg   0x0019cc    program     static C:\MCC18\src\traditional\math\castFP16.asm
                  jMaxPos   0x0019c2    program     static C:\MCC18\src\traditional\math\castFP16.asm
                      jNE   0x001a5c    program     static C:\MCC18\src\traditional\math\compFP.asm
                    jNext   0x001780    program     static C:\MCC18\src\traditional\math\divFP.asm
                jNoAdjust   0x00177e    program     static C:\MCC18\src\traditional\math\divFP.asm
                  jNoExch   0x001a84    program     static C:\MCC18\src\traditional\math\compFP.asm
                 jNoMatch   0x002926    program     static C:\MCC18\src\traditional\stdclib\isdigit.asm
             jNotBothZero   0x0018d0    program     static C:\MCC18\src\traditional\math\addFP.asm
                  jNotInf   0x0019da    program     static C:\MCC18\src\traditional\math\castFP16.asm
                  jPkLoop   0x001b0e    program     static C:\MCC18\src\traditional\math\packFP.asm
             jPkRoundDone   0x001b58    program     static C:\MCC18\src\traditional\math\packFP.asm
               jPkRoundIt   0x001b40    program     static C:\MCC18\src\traditional\math\packFP.asm
             jPkShiftDone   0x001b2a    program     static C:\MCC18\src\traditional\math\packFP.asm
           jReturnPosInf0   0x001ae4    program     static C:\MCC18\src\traditional\math\packFP.asm
                  jRotate   0x001ab6    program     static C:\MCC18\src\traditional\math\compFP.asm
                   jShift   0x001aa0    program     static C:\MCC18\src\traditional\math\compFP.asm
               jShiftDone   0x001966    program     static C:\MCC18\src\traditional\math\addFP.asm
               jShiftLoop   0x001958    program     static C:\MCC18\src\traditional\math\addFP.asm
                jSignDone   0x001996    program     static C:\MCC18\src\traditional\math\addFP.asm
              jSignedZero   0x001728    program     static C:\MCC18\src\traditional\math\divFP.asm
                 jSignsEQ   0x001a40    program     static C:\MCC18\src\traditional\math\compFP.asm
                  jUnpkA1   0x001b82    program     static C:\MCC18\src\traditional\math\UnpackFP.asm
                  jUnpkA2   0x001b9a    program     static C:\MCC18\src\traditional\math\UnpackFP.asm
                 jUnpkANZ   0x001b90    program     static C:\MCC18\src\traditional\math\UnpackFP.asm
                  jUnpkB1   0x001bb2    program     static C:\MCC18\src\traditional\math\UnpackFP.asm
                  jUnpkB2   0x001bca    program     static C:\MCC18\src\traditional\math\UnpackFP.asm
                 jUnpkBNZ   0x001bc0    program     static C:\MCC18\src\traditional\math\UnpackFP.asm
                 jUnpkNaN   0x001ba4    program     static C:\MCC18\src\traditional\math\UnpackFP.asm
                 jWNotNeg   0x001952    program     static C:\MCC18\src\traditional\math\addFP.asm
                    jZero   0x0019d4    program     static C:\MCC18\src\traditional\math\castFP16.asm
               jZero1and2   0x001ae8    program     static C:\MCC18\src\traditional\math\packFP.asm
                     loop   0x002994    program     static C:\MCC18\src\pmc_common\USART\_usartpc.asm
                     loop   0x002978    program     static                          
                     loop   0x0027ba    program     static                          
                   loop_h   0x002956    program     static C:\MCC18\src\traditional\proc\p18F4431.asm
                   loop_l   0x002960    program     static C:\MCC18\src\traditional\proc\p18F4431.asm
                     main   0x0012b8    program     extern C:\Users\Studio-Master\Desktop\Work\THC\27.05_DTHC\MainDTHC\main.c
                print_LCD   0x001fde    program     extern C:\Users\Studio-Master\Desktop\Work\THC\27.05_DTHC\MainDTHC\c18_lcd_driver.c
                     putc   0x00266a    program     extern C:\MCC18\src\traditional\stdclib\putc.c
                 s_digits   0x0029c9    program     static C:\MCC18\src\traditional\stdclib\vfprintf.c
            s_put_n_chars   0x00001c    program     static C:\MCC18\src\traditional\stdclib\vfprintf.c
                  sprintf   0x0023ee    program     extern C:\MCC18\src\traditional\stdclib\sprintf.c
                   strcpy   0x00249a    program     extern C:\MCC18\src\traditional\stdclib\strcpy.asm
                   strlen   0x0024dc    program     extern C:\MCC18\src\traditional\stdclib\strlen.asm
                strlenpgm   0x0024f8    program     extern C:\MCC18\src\traditional\stdclib\slenpgm.asm
                     test   0x00255c    program     static                          
                 vfprintf   0x000048    program     extern C:\MCC18\src\traditional\stdclib\vfprintf.c
               zero_block   0x002956    program     static C:\MCC18\src\traditional\proc\p18F4431.asm
                    ADCHS   0x000f99       data     extern C:\MCC18\src\traditional\proc\p18F4431.asm
                ADCHSbits   0x000f99       data     extern C:\MCC18\src\traditional\proc\p18F4431.asm
                   ADCON0   0x000fc2       data     extern C:\MCC18\src\traditional\proc\p18F4431.asm
               ADCON0bits   0x000fc2       data     extern C:\MCC18\src\traditional\proc\p18F4431.asm
                   ADCON1   0x000fc1       data     extern C:\MCC18\src\traditional\proc\p18F4431.asm
               ADCON1bits   0x000fc1       data     extern C:\MCC18\src\traditional\proc\p18F4431.asm
                   ADCON2   0x000fc0       data     extern C:\MCC18\src\traditional\proc\p18F4431.asm
               ADCON2bits   0x000fc0       data     extern C:\MCC18\src\traditional\proc\p18F4431.asm
                   ADCON3   0x000f9a       data     extern C:\MCC18\src\traditional\proc\p18F4431.asm
               ADCON3bits   0x000f9a       data     extern C:\MCC18\src\traditional\proc\p18F4431.asm
                    ADRES   0x000fc3       data     extern C:\MCC18\src\traditional\proc\p18F4431.asm
                   ADRESH   0x000fc4       data     extern C:\MCC18\src\traditional\proc\p18F4431.asm
                   ADRESL   0x000fc3       data     extern C:\MCC18\src\traditional\proc\p18F4431.asm
                   ANSEL0   0x000fb8       data     extern C:\MCC18\src\traditional\proc\p18F4431.asm
               ANSEL0bits   0x000fb8       data     extern C:\MCC18\src\traditional\proc\p18F4431.asm
                   ANSEL1   0x000fb9       data     extern C:\MCC18\src\traditional\proc\p18F4431.asm
               ANSEL1bits   0x000fb9       data     extern C:\MCC18\src\traditional\proc\p18F4431.asm
                  BAUDCON   0x000faa       data     extern C:\MCC18\src\traditional\proc\p18F4431.asm
              BAUDCONbits   0x000faa       data     extern C:\MCC18\src\traditional\proc\p18F4431.asm
                  BAUDCTL   0x000faa       data     extern C:\MCC18\src\traditional\proc\p18F4431.asm
              BAUDCTLbits   0x000faa       data     extern C:\MCC18\src\traditional\proc\p18F4431.asm
                      BSR   0x000fe0       data     extern C:\MCC18\src\traditional\proc\p18F4431.asm
                 CAP1BUFH   0x000f69       data     extern C:\MCC18\src\traditional\proc\p18F4431.asm
                 CAP1BUFL   0x000f68       data     extern C:\MCC18\src\traditional\proc\p18F4431.asm
                  CAP1CON   0x000f63       data     extern C:\MCC18\src\traditional\proc\p18F4431.asm
              CAP1CONbits   0x000f63       data     extern C:\MCC18\src\traditional\proc\p18F4431.asm
                 CAP2BUFH   0x000f67       data     extern C:\MCC18\src\traditional\proc\p18F4431.asm
                 CAP2BUFL   0x000f66       data     extern C:\MCC18\src\traditional\proc\p18F4431.asm
                  CAP2CON   0x000f62       data     extern C:\MCC18\src\traditional\proc\p18F4431.asm
              CAP2CONbits   0x000f62       data     extern C:\MCC18\src\traditional\proc\p18F4431.asm
                 CAP3BUFH   0x000f65       data     extern C:\MCC18\src\traditional\proc\p18F4431.asm
                 CAP3BUFL   0x000f64       data     extern C:\MCC18\src\traditional\proc\p18F4431.asm
                  CAP3CON   0x000f61       data     extern C:\MCC18\src\traditional\proc\p18F4431.asm
              CAP3CONbits   0x000f61       data     extern C:\MCC18\src\traditional\proc\p18F4431.asm
                  CCP1CON   0x000fbd       data     extern C:\MCC18\src\traditional\proc\p18F4431.asm
              CCP1CONbits   0x000fbd       data     extern C:\MCC18\src\traditional\proc\p18F4431.asm
                  CCP2CON   0x000fba       data     extern C:\MCC18\src\traditional\proc\p18F4431.asm
              CCP2CONbits   0x000fba       data     extern C:\MCC18\src\traditional\proc\p18F4431.asm
                    CCPR1   0x000fbe       data     extern C:\MCC18\src\traditional\proc\p18F4431.asm
                   CCPR1H   0x000fbf       data     extern C:\MCC18\src\traditional\proc\p18F4431.asm
                   CCPR1L   0x000fbe       data     extern C:\MCC18\src\traditional\proc\p18F4431.asm
                    CCPR2   0x000fbb       data     extern C:\MCC18\src\traditional\proc\p18F4431.asm
                   CCPR2H   0x000fbc       data     extern C:\MCC18\src\traditional\proc\p18F4431.asm
                   CCPR2L   0x000fbb       data     extern C:\MCC18\src\traditional\proc\p18F4431.asm
           Command_Return   0x0000a9       data     extern C:\Users\Studio-Master\Desktop\Work\THC\27.05_DTHC\MainDTHC\main.c
         CustomCharacters   0x000137       data     extern C:\Users\Studio-Master\Desktop\Work\THC\27.05_DTHC\MainDTHC\dthc_lcd_controller.c
                     DDRA   0x000f92       data     extern C:\MCC18\src\traditional\proc\p18F4431.asm
                 DDRAbits   0x000f92       data     extern C:\MCC18\src\traditional\proc\p18F4431.asm
                     DDRB   0x000f93       data     extern C:\MCC18\src\traditional\proc\p18F4431.asm
                 DDRBbits   0x000f93       data     extern C:\MCC18\src\traditional\proc\p18F4431.asm
                     DDRC   0x000f94       data     extern C:\MCC18\src\traditional\proc\p18F4431.asm
                 DDRCbits   0x000f94       data     extern C:\MCC18\src\traditional\proc\p18F4431.asm
                     DDRD   0x000f95       data     extern C:\MCC18\src\traditional\proc\p18F4431.asm
                 DDRDbits   0x000f95       data     extern C:\MCC18\src\traditional\proc\p18F4431.asm
                     DDRE   0x000f96       data     extern C:\MCC18\src\traditional\proc\p18F4431.asm
                 DDREbits   0x000f96       data     extern C:\MCC18\src\traditional\proc\p18F4431.asm
                  DFLTCON   0x000f60       data     extern C:\MCC18\src\traditional\proc\p18F4431.asm
              DFLTCONbits   0x000f60       data     extern C:\MCC18\src\traditional\proc\p18F4431.asm
                    DTCON   0x000f6d       data     extern C:\MCC18\src\traditional\proc\p18F4431.asm
                DTCONbits   0x000f6d       data     extern C:\MCC18\src\traditional\proc\p18F4431.asm
               Data_Input   0x0000b8       data     extern C:\Users\Studio-Master\Desktop\Work\THC\27.05_DTHC\MainDTHC\main.c
              Data_Output   0x00009a       data     extern C:\Users\Studio-Master\Desktop\Work\THC\27.05_DTHC\MainDTHC\main.c
            DelayCounter1   0x00001d       data     extern C:\MCC18\src\traditional\delays\delayd1.asm
            DelayCounter2   0x00001c       data     extern C:\MCC18\src\traditional\delays\delayd2.asm
               Down_State   0x0000dd       data     static C:\Users\Studio-Master\Desktop\Work\THC\27.05_DTHC\MainDTHC\dthc_lcd_controller.c
                    EEADR   0x000fa9       data     extern C:\MCC18\src\traditional\proc\p18F4431.asm
                   EECON1   0x000fa6       data     extern C:\MCC18\src\traditional\proc\p18F4431.asm
               EECON1bits   0x000fa6       data     extern C:\MCC18\src\traditional\proc\p18F4431.asm
                   EECON2   0x000fa7       data     extern C:\MCC18\src\traditional\proc\p18F4431.asm
                   EEDATA   0x000fa8       data     extern C:\MCC18\src\traditional\proc\p18F4431.asm
      FLAG_REPEAT_COMMAND   0x0000cd       data     extern C:\Users\Studio-Master\Desktop\Work\THC\27.05_DTHC\MainDTHC\main.c
                FLTCONFIG   0x000f6c       data     extern C:\MCC18\src\traditional\proc\p18F4431.asm
            FLTCONFIGbits   0x000f6c       data     extern C:\MCC18\src\traditional\proc\p18F4431.asm
                     FSR0   0x000fe9       data     extern C:\MCC18\src\traditional\proc\p18F4431.asm
                    FSR0H   0x000fea       data     extern C:\MCC18\src\traditional\proc\p18F4431.asm
                    FSR0L   0x000fe9       data     extern C:\MCC18\src\traditional\proc\p18F4431.asm
                     FSR1   0x000fe1       data     extern C:\MCC18\src\traditional\proc\p18F4431.asm
                    FSR1H   0x000fe2       data     extern C:\MCC18\src\traditional\proc\p18F4431.asm
                    FSR1L   0x000fe1       data     extern C:\MCC18\src\traditional\proc\p18F4431.asm
                     FSR2   0x000fd9       data     extern C:\MCC18\src\traditional\proc\p18F4431.asm
                    FSR2H   0x000fda       data     extern C:\MCC18\src\traditional\proc\p18F4431.asm
                    FSR2L   0x000fd9       data     extern C:\MCC18\src\traditional\proc\p18F4431.asm
                    INDF0   0x000fef       data     extern C:\MCC18\src\traditional\proc\p18F4431.asm
                    INDF1   0x000fe7       data     extern C:\MCC18\src\traditional\proc\p18F4431.asm
                    INDF2   0x000fdf       data     extern C:\MCC18\src\traditional\proc\p18F4431.asm
                   INTCON   0x000ff2       data     extern C:\MCC18\src\traditional\proc\p18F4431.asm
                  INTCON2   0x000ff1       data     extern C:\MCC18\src\traditional\proc\p18F4431.asm
              INTCON2bits   0x000ff1       data     extern C:\MCC18\src\traditional\proc\p18F4431.asm
                  INTCON3   0x000ff0       data     extern C:\MCC18\src\traditional\proc\p18F4431.asm
              INTCON3bits   0x000ff0       data     extern C:\MCC18\src\traditional\proc\p18F4431.asm
               INTCONbits   0x000ff2       data     extern C:\MCC18\src\traditional\proc\p18F4431.asm
                     IPR1   0x000f9f       data     extern C:\MCC18\src\traditional\proc\p18F4431.asm
                 IPR1bits   0x000f9f       data     extern C:\MCC18\src\traditional\proc\p18F4431.asm
                     IPR2   0x000fa2       data     extern C:\MCC18\src\traditional\proc\p18F4431.asm
                 IPR2bits   0x000fa2       data     extern C:\MCC18\src\traditional\proc\p18F4431.asm
                     IPR3   0x000fa5       data     extern C:\MCC18\src\traditional\proc\p18F4431.asm
                 IPR3bits   0x000fa5       data     extern C:\MCC18\src\traditional\proc\p18F4431.asm
                     LATA   0x000f89       data     extern C:\MCC18\src\traditional\proc\p18F4431.asm
                 LATAbits   0x000f89       data     extern C:\MCC18\src\traditional\proc\p18F4431.asm
                     LATB   0x000f8a       data     extern C:\MCC18\src\traditional\proc\p18F4431.asm
                 LATBbits   0x000f8a       data     extern C:\MCC18\src\traditional\proc\p18F4431.asm
                     LATC   0x000f8b       data     extern C:\MCC18\src\traditional\proc\p18F4431.asm
                 LATCbits   0x000f8b       data     extern C:\MCC18\src\traditional\proc\p18F4431.asm
                     LATD   0x000f8c       data     extern C:\MCC18\src\traditional\proc\p18F4431.asm
                 LATDbits   0x000f8c       data     extern C:\MCC18\src\traditional\proc\p18F4431.asm
                     LATE   0x000f8d       data     extern C:\MCC18\src\traditional\proc\p18F4431.asm
                 LATEbits   0x000f8d       data     extern C:\MCC18\src\traditional\proc\p18F4431.asm
               LCD_Status   0x0000d0       data     static C:\Users\Studio-Master\Desktop\Work\THC\27.05_DTHC\MainDTHC\dthc_lcd_controller.h
               LCD_Status   0x000060       data     static C:\Users\Studio-Master\Desktop\Work\THC\27.05_DTHC\MainDTHC\dthc_lcd_controller.h
                   LVDCON   0x000fd2       data     extern C:\MCC18\src\traditional\proc\p18F4431.asm
               LVDCONbits   0x000fd2       data     extern C:\MCC18\src\traditional\proc\p18F4431.asm
                  MAXCNTH   0x000f65       data     extern C:\MCC18\src\traditional\proc\p18F4431.asm
                  MAXCNTL   0x000f64       data     extern C:\MCC18\src\traditional\proc\p18F4431.asm
              MAX_VOLTAGE   0x000068       data     extern C:\Users\Studio-Master\Desktop\Work\THC\27.05_DTHC\MainDTHC\main.c
              MIN_VOLTAGE   0x00006a       data     extern C:\Users\Studio-Master\Desktop\Work\THC\27.05_DTHC\MainDTHC\main.c
              MainScreen1   0x000121       data     static C:\Users\Studio-Master\Desktop\Work\THC\27.05_DTHC\MainDTHC\dthc_lcd_controller.c
              MainScreen2   0x000127       data     static C:\Users\Studio-Master\Desktop\Work\THC\27.05_DTHC\MainDTHC\dthc_lcd_controller.c
                   OSCCON   0x000fd3       data     extern C:\MCC18\src\traditional\proc\p18F4431.asm
               OSCCONbits   0x000fd3       data     extern C:\MCC18\src\traditional\proc\p18F4431.asm
                  OSCTUNE   0x000f9b       data     extern C:\MCC18\src\traditional\proc\p18F4431.asm
              OSCTUNEbits   0x000f9b       data     extern C:\MCC18\src\traditional\proc\p18F4431.asm
                  OVDCOND   0x000f6b       data     extern C:\MCC18\src\traditional\proc\p18F4431.asm
              OVDCONDbits   0x000f6b       data     extern C:\MCC18\src\traditional\proc\p18F4431.asm
                  OVDCONS   0x000f6a       data     extern C:\MCC18\src\traditional\proc\p18F4431.asm
              OVDCONSbits   0x000f6a       data     extern C:\MCC18\src\traditional\proc\p18F4431.asm
                       PC   0x000ff9       data     extern C:\MCC18\src\traditional\proc\p18F4431.asm
                      PCL   0x000ff9       data     extern C:\MCC18\src\traditional\proc\p18F4431.asm
                   PCLATH   0x000ffa       data     extern C:\MCC18\src\traditional\proc\p18F4431.asm
                   PCLATU   0x000ffb       data     extern C:\MCC18\src\traditional\proc\p18F4431.asm
                    PDC0H   0x000f78       data     extern C:\MCC18\src\traditional\proc\p18F4431.asm
                    PDC0L   0x000f79       data     extern C:\MCC18\src\traditional\proc\p18F4431.asm
                    PDC1H   0x000f76       data     extern C:\MCC18\src\traditional\proc\p18F4431.asm
                    PDC1L   0x000f77       data     extern C:\MCC18\src\traditional\proc\p18F4431.asm
                    PDC2H   0x000f74       data     extern C:\MCC18\src\traditional\proc\p18F4431.asm
                    PDC2L   0x000f75       data     extern C:\MCC18\src\traditional\proc\p18F4431.asm
                    PDC3H   0x000f72       data     extern C:\MCC18\src\traditional\proc\p18F4431.asm
                    PDC3L   0x000f73       data     extern C:\MCC18\src\traditional\proc\p18F4431.asm
                     PIE1   0x000f9d       data     extern C:\MCC18\src\traditional\proc\p18F4431.asm
                 PIE1bits   0x000f9d       data     extern C:\MCC18\src\traditional\proc\p18F4431.asm
                     PIE2   0x000fa0       data     extern C:\MCC18\src\traditional\proc\p18F4431.asm
                 PIE2bits   0x000fa0       data     extern C:\MCC18\src\traditional\proc\p18F4431.asm
                     PIE3   0x000fa3       data     extern C:\MCC18\src\traditional\proc\p18F4431.asm
                 PIE3bits   0x000fa3       data     extern C:\MCC18\src\traditional\proc\p18F4431.asm
                     PIR1   0x000f9e       data     extern C:\MCC18\src\traditional\proc\p18F4431.asm
                 PIR1bits   0x000f9e       data     extern C:\MCC18\src\traditional\proc\p18F4431.asm
                     PIR2   0x000fa1       data     extern C:\MCC18\src\traditional\proc\p18F4431.asm
                 PIR2bits   0x000fa1       data     extern C:\MCC18\src\traditional\proc\p18F4431.asm
                     PIR3   0x000fa4       data     extern C:\MCC18\src\traditional\proc\p18F4431.asm
                 PIR3bits   0x000fa4       data     extern C:\MCC18\src\traditional\proc\p18F4431.asm
                   PLUSW0   0x000feb       data     extern C:\MCC18\src\traditional\proc\p18F4431.asm
                   PLUSW1   0x000fe3       data     extern C:\MCC18\src\traditional\proc\p18F4431.asm
                   PLUSW2   0x000fdb       data     extern C:\MCC18\src\traditional\proc\p18F4431.asm
                    PORTA   0x000f80       data     extern C:\MCC18\src\traditional\proc\p18F4431.asm
                PORTAbits   0x000f80       data     extern C:\MCC18\src\traditional\proc\p18F4431.asm
                    PORTB   0x000f81       data     extern C:\MCC18\src\traditional\proc\p18F4431.asm
                PORTBbits   0x000f81       data     extern C:\MCC18\src\traditional\proc\p18F4431.asm
                    PORTC   0x000f82       data     extern C:\MCC18\src\traditional\proc\p18F4431.asm
                PORTCbits   0x000f82       data     extern C:\MCC18\src\traditional\proc\p18F4431.asm
                    PORTD   0x000f83       data     extern C:\MCC18\src\traditional\proc\p18F4431.asm
                PORTDbits   0x000f83       data     extern C:\MCC18\src\traditional\proc\p18F4431.asm
                    PORTE   0x000f84       data     extern C:\MCC18\src\traditional\proc\p18F4431.asm
                PORTEbits   0x000f84       data     extern C:\MCC18\src\traditional\proc\p18F4431.asm
                  POSCNTH   0x000f67       data     extern C:\MCC18\src\traditional\proc\p18F4431.asm
                  POSCNTL   0x000f66       data     extern C:\MCC18\src\traditional\proc\p18F4431.asm
                 POSTDEC0   0x000fed       data     extern C:\MCC18\src\traditional\proc\p18F4431.asm
                 POSTDEC1   0x000fe5       data     extern C:\MCC18\src\traditional\proc\p18F4431.asm
                 POSTDEC2   0x000fdd       data     extern C:\MCC18\src\traditional\proc\p18F4431.asm
                 POSTINC0   0x000fee       data     extern C:\MCC18\src\traditional\proc\p18F4431.asm
                 POSTINC1   0x000fe6       data     extern C:\MCC18\src\traditional\proc\p18F4431.asm
                 POSTINC2   0x000fde       data     extern C:\MCC18\src\traditional\proc\p18F4431.asm
                      PR2   0x000fcb       data     extern C:\MCC18\src\traditional\proc\p18F4431.asm
                      PR5   0x000f90       data     extern C:\MCC18\src\traditional\proc\p18F4431.asm
                     PR5H   0x000f91       data     extern C:\MCC18\src\traditional\proc\p18F4431.asm
                     PR5L   0x000f90       data     extern C:\MCC18\src\traditional\proc\p18F4431.asm
                  PREINC0   0x000fec       data     extern C:\MCC18\src\traditional\proc\p18F4431.asm
                  PREINC1   0x000fe4       data     extern C:\MCC18\src\traditional\proc\p18F4431.asm
                  PREINC2   0x000fdc       data     extern C:\MCC18\src\traditional\proc\p18F4431.asm
                     PROD   0x000ff3       data     extern C:\MCC18\src\traditional\proc\p18F4431.asm
                    PRODH   0x000ff4       data     extern C:\MCC18\src\traditional\proc\p18F4431.asm
                    PRODL   0x000ff3       data     extern C:\MCC18\src\traditional\proc\p18F4431.asm
                   PTCON0   0x000f7f       data     extern C:\MCC18\src\traditional\proc\p18F4431.asm
               PTCON0bits   0x000f7f       data     extern C:\MCC18\src\traditional\proc\p18F4431.asm
                   PTCON1   0x000f7e       data     extern C:\MCC18\src\traditional\proc\p18F4431.asm
               PTCON1bits   0x000f7e       data     extern C:\MCC18\src\traditional\proc\p18F4431.asm
                    PTMRH   0x000f7c       data     extern C:\MCC18\src\traditional\proc\p18F4431.asm
                    PTMRL   0x000f7d       data     extern C:\MCC18\src\traditional\proc\p18F4431.asm
                   PTPERH   0x000f7a       data     extern C:\MCC18\src\traditional\proc\p18F4431.asm
                   PTPERL   0x000f7b       data     extern C:\MCC18\src\traditional\proc\p18F4431.asm
                  PWMCON0   0x000f6f       data     extern C:\MCC18\src\traditional\proc\p18F4431.asm
              PWMCON0bits   0x000f6f       data     extern C:\MCC18\src\traditional\proc\p18F4431.asm
                  PWMCON1   0x000f6e       data     extern C:\MCC18\src\traditional\proc\p18F4431.asm
              PWMCON1bits   0x000f6e       data     extern C:\MCC18\src\traditional\proc\p18F4431.asm
                   QEICON   0x000fb6       data     extern C:\MCC18\src\traditional\proc\p18F4431.asm
               QEICONbits   0x000fb6       data     extern C:\MCC18\src\traditional\proc\p18F4431.asm
                     RCON   0x000fd0       data     extern C:\MCC18\src\traditional\proc\p18F4431.asm
                 RCONbits   0x000fd0       data     extern C:\MCC18\src\traditional\proc\p18F4431.asm
                    RCREG   0x000fae       data     extern C:\MCC18\src\traditional\proc\p18F4431.asm
                    RCSTA   0x000fab       data     extern C:\MCC18\src\traditional\proc\p18F4431.asm
                RCSTAbits   0x000fab       data     extern C:\MCC18\src\traditional\proc\p18F4431.asm
                 SEVTCMPH   0x000f70       data     extern C:\MCC18\src\traditional\proc\p18F4431.asm
                 SEVTCMPL   0x000f71       data     extern C:\MCC18\src\traditional\proc\p18F4431.asm
                     SIGN   0x00000e       data     extern C:\MCC18\src\traditional\math\cmath18.asm
                    SPBRG   0x000faf       data     extern C:\MCC18\src\traditional\proc\p18F4431.asm
                   SPBRGH   0x000fb0       data     extern C:\MCC18\src\traditional\proc\p18F4431.asm
                   SSPADD   0x000fc8       data     extern C:\MCC18\src\traditional\proc\p18F4431.asm
                   SSPBUF   0x000fc9       data     extern C:\MCC18\src\traditional\proc\p18F4431.asm
                   SSPCON   0x000fc6       data     extern C:\MCC18\src\traditional\proc\p18F4431.asm
               SSPCONbits   0x000fc6       data     extern C:\MCC18\src\traditional\proc\p18F4431.asm
                  SSPSTAT   0x000fc7       data     extern C:\MCC18\src\traditional\proc\p18F4431.asm
              SSPSTATbits   0x000fc7       data     extern C:\MCC18\src\traditional\proc\p18F4431.asm
                   STATUS   0x000fd8       data     extern C:\MCC18\src\traditional\proc\p18F4431.asm
               STATUSbits   0x000fd8       data     extern C:\MCC18\src\traditional\proc\p18F4431.asm
                   STKPTR   0x000ffc       data     extern C:\MCC18\src\traditional\proc\p18F4431.asm
               STKPTRbits   0x000ffc       data     extern C:\MCC18\src\traditional\proc\p18F4431.asm
                   StrARC   0x000131       data     static C:\Users\Studio-Master\Desktop\Work\THC\27.05_DTHC\MainDTHC\dthc_lcd_controller.c
                  StrNull   0x000135       data     static C:\Users\Studio-Master\Desktop\Work\THC\27.05_DTHC\MainDTHC\dthc_lcd_controller.c
                   StrTOR   0x00012d       data     static C:\Users\Studio-Master\Desktop\Work\THC\27.05_DTHC\MainDTHC\dthc_lcd_controller.c
                    T0CON   0x000fd5       data     extern C:\MCC18\src\traditional\proc\p18F4431.asm
                T0CONbits   0x000fd5       data     extern C:\MCC18\src\traditional\proc\p18F4431.asm
                    T1CON   0x000fcd       data     extern C:\MCC18\src\traditional\proc\p18F4431.asm
                T1CONbits   0x000fcd       data     extern C:\MCC18\src\traditional\proc\p18F4431.asm
                    T2CON   0x000fca       data     extern C:\MCC18\src\traditional\proc\p18F4431.asm
                T2CONbits   0x000fca       data     extern C:\MCC18\src\traditional\proc\p18F4431.asm
                    T5CON   0x000fb7       data     extern C:\MCC18\src\traditional\proc\p18F4431.asm
                T5CONbits   0x000fb7       data     extern C:\MCC18\src\traditional\proc\p18F4431.asm
                   TABLAT   0x000ff5       data     extern C:\MCC18\src\traditional\proc\p18F4431.asm
                   TBLPTR   0x000ff6       data     extern C:\MCC18\src\traditional\proc\p18F4431.asm
                  TBLPTRH   0x000ff7       data     extern C:\MCC18\src\traditional\proc\p18F4431.asm
                  TBLPTRL   0x000ff6       data     extern C:\MCC18\src\traditional\proc\p18F4431.asm
                  TBLPTRU   0x000ff8       data     extern C:\MCC18\src\traditional\proc\p18F4431.asm
 TIMER_PERIOD_100MS_EVENT   0x0000cb       data     extern C:\Users\Studio-Master\Desktop\Work\THC\27.05_DTHC\MainDTHC\main.c
                    TMR0H   0x000fd7       data     extern C:\MCC18\src\traditional\proc\p18F4431.asm
                    TMR0L   0x000fd6       data     extern C:\MCC18\src\traditional\proc\p18F4431.asm
                    TMR1H   0x000fcf       data     extern C:\MCC18\src\traditional\proc\p18F4431.asm
                    TMR1L   0x000fce       data     extern C:\MCC18\src\traditional\proc\p18F4431.asm
                     TMR2   0x000fcc       data     extern C:\MCC18\src\traditional\proc\p18F4431.asm
                    TMR5H   0x000f88       data     extern C:\MCC18\src\traditional\proc\p18F4431.asm
                    TMR5L   0x000f87       data     extern C:\MCC18\src\traditional\proc\p18F4431.asm
                      TOS   0x000ffd       data     extern C:\MCC18\src\traditional\proc\p18F4431.asm
                     TOSH   0x000ffe       data     extern C:\MCC18\src\traditional\proc\p18F4431.asm
                     TOSL   0x000ffd       data     extern C:\MCC18\src\traditional\proc\p18F4431.asm
                     TOSU   0x000fff       data     extern C:\MCC18\src\traditional\proc\p18F4431.asm
                    TRISA   0x000f92       data     extern C:\MCC18\src\traditional\proc\p18F4431.asm
                TRISAbits   0x000f92       data     extern C:\MCC18\src\traditional\proc\p18F4431.asm
                    TRISB   0x000f93       data     extern C:\MCC18\src\traditional\proc\p18F4431.asm
                TRISBbits   0x000f93       data     extern C:\MCC18\src\traditional\proc\p18F4431.asm
                    TRISC   0x000f94       data     extern C:\MCC18\src\traditional\proc\p18F4431.asm
                TRISCbits   0x000f94       data     extern C:\MCC18\src\traditional\proc\p18F4431.asm
                    TRISD   0x000f95       data     extern C:\MCC18\src\traditional\proc\p18F4431.asm
                TRISDbits   0x000f95       data     extern C:\MCC18\src\traditional\proc\p18F4431.asm
                    TRISE   0x000f96       data     extern C:\MCC18\src\traditional\proc\p18F4431.asm
                TRISEbits   0x000f96       data     extern C:\MCC18\src\traditional\proc\p18F4431.asm
                    TXREG   0x000fad       data     extern C:\MCC18\src\traditional\proc\p18F4431.asm
                    TXSTA   0x000fac       data     extern C:\MCC18\src\traditional\proc\p18F4431.asm
                TXSTAbits   0x000fac       data     extern C:\MCC18\src\traditional\proc\p18F4431.asm
       UART_RECEIVE_EVENT   0x0000ca       data     extern C:\Users\Studio-Master\Desktop\Work\THC\27.05_DTHC\MainDTHC\main.c
USART_START_TRANSMIT_EVENT   0x0000cc       data     extern C:\Users\Studio-Master\Desktop\Work\THC\27.05_DTHC\MainDTHC\main.c
             USART_Status   0x0000fc       data     extern C:\MCC18\src\pmc_common\USART\udefs.c
                 Up_State   0x0000dc       data     static C:\Users\Studio-Master\Desktop\Work\THC\27.05_DTHC\MainDTHC\dthc_lcd_controller.c
                    VELRH   0x000f69       data     extern C:\MCC18\src\traditional\proc\p18F4431.asm
                    VELRL   0x000f68       data     extern C:\MCC18\src\traditional\proc\p18F4431.asm
                   WDTCON   0x000fd1       data     extern C:\MCC18\src\traditional\proc\p18F4431.asm
               WDTCONbits   0x000fd1       data     extern C:\MCC18\src\traditional\proc\p18F4431.asm
                     WREG   0x000fe8       data     extern C:\MCC18\src\traditional\proc\p18F4431.asm
           WelcomeScreen1   0x000100       data     static C:\Users\Studio-Master\Desktop\Work\THC\27.05_DTHC\MainDTHC\dthc_lcd_controller.c
           WelcomeScreen2   0x000111       data     static C:\Users\Studio-Master\Desktop\Work\THC\27.05_DTHC\MainDTHC\dthc_lcd_controller.c
                 __AARGB0   0x000007       data     extern C:\MCC18\src\traditional\math\aarg.asm
                 __AARGB1   0x000006       data     extern C:\MCC18\src\traditional\math\aarg.asm
                 __AARGB2   0x000005       data     extern C:\MCC18\src\traditional\math\aarg.asm
                 __AARGB3   0x000004       data     extern C:\MCC18\src\traditional\math\aarg.asm
                 __AARGB4   0x000003       data     extern C:\MCC18\src\traditional\math\aarg.asm
                 __AARGB5   0x000002       data     extern C:\MCC18\src\traditional\math\aarg.asm
                 __AARGB6   0x000001       data     extern C:\MCC18\src\traditional\math\aarg.asm
                 __AARGB7   0x000000       data     extern C:\MCC18\src\traditional\math\aarg.asm
                   __AEXP   0x000008       data     extern C:\MCC18\src\traditional\math\aarg.asm
                 __BARGB0   0x00000c       data     extern C:\MCC18\src\traditional\math\barg.asm
                 __BARGB1   0x00000b       data     extern C:\MCC18\src\traditional\math\barg.asm
                 __BARGB2   0x00000a       data     extern C:\MCC18\src\traditional\math\barg.asm
                 __BARGB3   0x000009       data     extern C:\MCC18\src\traditional\math\barg.asm
                   __BEXP   0x00000d       data     extern C:\MCC18\src\traditional\math\barg.asm
                __FPFLAGS   0x00000f       data     extern C:\MCC18\src\traditional\math\cmath18.asm
            __FPFLAGSbits   0x00000f       data     extern C:\MCC18\src\traditional\math\cmath18.asm
                  __REMB0   0x000003       data     extern C:\MCC18\src\traditional\math\aarg.asm
                  __REMB1   0x000002       data     extern C:\MCC18\src\traditional\math\aarg.asm
                  __REMB2   0x000001       data     extern C:\MCC18\src\traditional\math\aarg.asm
                  __REMB3   0x000000       data     extern C:\MCC18\src\traditional\math\aarg.asm
                   __TEMP   0x000013       data     extern C:\MCC18\src\traditional\math\temparg.asm
                 __TEMPB0   0x000013       data     extern C:\MCC18\src\traditional\math\temparg.asm
                 __TEMPB1   0x000012       data     extern C:\MCC18\src\traditional\math\temparg.asm
                 __TEMPB2   0x000011       data     extern C:\MCC18\src\traditional\math\temparg.asm
                 __TEMPB3   0x000010       data     extern C:\MCC18\src\traditional\math\temparg.asm
                  __tmp_0   0x000014       data     static C:\MCC18\src\pmc_common\USART\uopen.c
                  __tmp_0   0x000014       data     static C:\MCC18\src\pmc_common\EEP\read_B.c
                  __tmp_0   0x000014       data     static C:\MCC18\src\pmc_common\EEP\write_B.c
                  __tmp_0   0x000014       data     static C:\MCC18\src\traditional\stdclib\sprintf.c
                  __tmp_0   0x000014       data     static C:\MCC18\src\traditional\stdclib\vfprintf.c
                  __tmp_0   0x000014       data     static C:\MCC18\src\traditional\stdclib\putc.c
                  __tmp_0   0x000014       data     static C:\Users\Studio-Master\Desktop\Work\THC\27.05_DTHC\MainDTHC\dthc_lcd_controller.c
                  __tmp_0   0x000014       data     static C:\Users\Studio-Master\Desktop\Work\THC\27.05_DTHC\MainDTHC\main.c
                  __tmp_0   0x000014       data     static C:\Users\Studio-Master\Desktop\Work\THC\27.05_DTHC\MainDTHC\c18_lcd_driver.c
           adc_ampe_value   0x000075       data     extern C:\Users\Studio-Master\Desktop\Work\THC\27.05_DTHC\MainDTHC\main.c
           adc_temp_value   0x00006e       data     extern C:\Users\Studio-Master\Desktop\Work\THC\27.05_DTHC\MainDTHC\main.c
                adc_value   0x000081       data     extern C:\Users\Studio-Master\Desktop\Work\THC\27.05_DTHC\MainDTHC\main.c
          ampeSampleCount   0x000079       data     extern C:\Users\Studio-Master\Desktop\Work\THC\27.05_DTHC\MainDTHC\main.c
               ampe_value   0x00007a       data     extern C:\Users\Studio-Master\Desktop\Work\THC\27.05_DTHC\MainDTHC\main.c
          compareAmpeMode   0x00007c       data     extern C:\Users\Studio-Master\Desktop\Work\THC\27.05_DTHC\MainDTHC\main.c
         compareAmpeValue   0x0000cf       data     extern C:\Users\Studio-Master\Desktop\Work\THC\27.05_DTHC\MainDTHC\main.c
                countData   0x0000c8       data     extern C:\Users\Studio-Master\Desktop\Work\THC\27.05_DTHC\MainDTHC\main.c
                countLoop   0x000087       data     extern C:\Users\Studio-Master\Desktop\Work\THC\27.05_DTHC\MainDTHC\main.c
               countTimer   0x0000e0       data     static C:\Users\Studio-Master\Desktop\Work\THC\27.05_DTHC\MainDTHC\dthc_lcd_controller.c
               countTimer   0x0000ce       data     extern C:\Users\Studio-Master\Desktop\Work\THC\27.05_DTHC\MainDTHC\main.c
              countUpdate   0x0000e1       data     static C:\Users\Studio-Master\Desktop\Work\THC\27.05_DTHC\MainDTHC\dthc_lcd_controller.c
                 curArrow   0x00008a       data     extern C:\Users\Studio-Master\Desktop\Work\THC\27.05_DTHC\MainDTHC\main.c
            curEditCursor   0x0000df       data     static C:\Users\Studio-Master\Desktop\Work\THC\27.05_DTHC\MainDTHC\dthc_lcd_controller.c
                curr_byte   0x0000f5       data     static C:\MCC18\src\traditional\startup\c018i.c
               curr_entry   0x0000f7       data     static C:\MCC18\src\traditional\startup\c018i.c
                 data_ptr   0x0000f9       data     static C:\MCC18\src\traditional\startup\c018i.c
                    delta   0x000088       data     extern C:\Users\Studio-Master\Desktop\Work\THC\27.05_DTHC\MainDTHC\main.c
                  dispARC   0x0000da       data     static C:\Users\Studio-Master\Desktop\Work\THC\27.05_DTHC\MainDTHC\dthc_lcd_controller.c
                  dispTOR   0x0000d8       data     static C:\Users\Studio-Master\Desktop\Work\THC\27.05_DTHC\MainDTHC\dthc_lcd_controller.c
                enableARC   0x0000d2       data     static C:\Users\Studio-Master\Desktop\Work\THC\27.05_DTHC\MainDTHC\dthc_lcd_controller.h
                enableARC   0x000062       data     static C:\Users\Studio-Master\Desktop\Work\THC\27.05_DTHC\MainDTHC\dthc_lcd_controller.h
                enableTOR   0x0000d1       data     static C:\Users\Studio-Master\Desktop\Work\THC\27.05_DTHC\MainDTHC\dthc_lcd_controller.h
                enableTOR   0x000061       data     static C:\Users\Studio-Master\Desktop\Work\THC\27.05_DTHC\MainDTHC\dthc_lcd_controller.h
               globalTemp   0x0000c7       data     extern C:\Users\Studio-Master\Desktop\Work\THC\27.05_DTHC\MainDTHC\main.c
           initMainScreen   0x000067       data     static C:\Users\Studio-Master\Desktop\Work\THC\27.05_DTHC\MainDTHC\dthc_lcd_controller.h
           initMainScreen   0x0000d7       data     static C:\Users\Studio-Master\Desktop\Work\THC\27.05_DTHC\MainDTHC\dthc_lcd_controller.h
                  lcd_buf   0x0000e2       data     extern C:\Users\Studio-Master\Desktop\Work\THC\27.05_DTHC\MainDTHC\c18_lcd_driver.c
          lengthDataInput   0x0000c9       data     extern C:\Users\Studio-Master\Desktop\Work\THC\27.05_DTHC\MainDTHC\main.c
                     prom   0x0000f2       data     static C:\MCC18\src\traditional\startup\c018i.c
              sampleCount   0x000072       data     extern C:\Users\Studio-Master\Desktop\Work\THC\27.05_DTHC\MainDTHC\main.c
                tempARC_1   0x00006c       data     extern C:\Users\Studio-Master\Desktop\Work\THC\27.05_DTHC\MainDTHC\main.c
                tempARC_2   0x00006d       data     extern C:\Users\Studio-Master\Desktop\Work\THC\27.05_DTHC\MainDTHC\main.c
                tempFloat   0x00007d       data     extern C:\Users\Studio-Master\Desktop\Work\THC\27.05_DTHC\MainDTHC\main.c
                    value   0x00008b       data     extern C:\Users\Studio-Master\Desktop\Work\THC\27.05_DTHC\MainDTHC\main.c
                valueEdit   0x0000de       data     static C:\Users\Studio-Master\Desktop\Work\THC\27.05_DTHC\MainDTHC\dthc_lcd_controller.c
                valueSetV   0x000065       data     static C:\Users\Studio-Master\Desktop\Work\THC\27.05_DTHC\MainDTHC\dthc_lcd_controller.h
                valueSetV   0x0000d5       data     static C:\Users\Studio-Master\Desktop\Work\THC\27.05_DTHC\MainDTHC\dthc_lcd_controller.h
                valueTipV   0x000063       data     static C:\Users\Studio-Master\Desktop\Work\THC\27.05_DTHC\MainDTHC\dthc_lcd_controller.h
                valueTipV   0x0000d3       data     static C:\Users\Studio-Master\Desktop\Work\THC\27.05_DTHC\MainDTHC\dthc_lcd_controller.h
        voltage_set_value   0x000073       data     extern C:\Users\Studio-Master\Desktop\Work\THC\27.05_DTHC\MainDTHC\main.c
            voltage_value   0x000085       data     extern C:\Users\Studio-Master\Desktop\Work\THC\27.05_DTHC\MainDTHC\main.c



                              Symbols - Sorted by Address
                     Name    Address   Location    Storage File                     
                ---------  ---------  ---------  --------- ---------                
                   _entry   0x000000    program     extern C:\MCC18\src\traditional\startup\c018i.c
       ___return_lbl00000   0x000004    program     static                          
               _user_putc   0x000006    program     extern C:\MCC18\src\traditional\stdclib\_user_putc.c
 interrupt_at_high_vector   0x000008    program     extern C:\Users\Studio-Master\Desktop\Work\THC\27.05_DTHC\MainDTHC\main.c
       ___return_lbl00000   0x00000c    program     static                          
            s_put_n_chars   0x00001c    program     static C:\MCC18\src\traditional\stdclib\vfprintf.c
                 vfprintf   0x000048    program     extern C:\MCC18\src\traditional\stdclib\vfprintf.c
              __tmplbl_85   0x000072    program     static                          
              __tmplbl_44   0x000920    program     static                          
              __tmplbl_43   0x00093a    program     static                          
                   __pa_0   0x00095c    program     static C:\MCC18\src\traditional\stdclib\vfprintf.c
                   __pa_1   0x000964    program     static C:\MCC18\src\traditional\stdclib\vfprintf.c
                   __pa_2   0x00096e    program     static C:\MCC18\src\traditional\stdclib\vfprintf.c
                   __pa_3   0x000978    program     static C:\MCC18\src\traditional\stdclib\vfprintf.c
                   __pa_4   0x000990    program     static C:\MCC18\src\traditional\stdclib\vfprintf.c
                   __pa_5   0x0009a4    program     static C:\MCC18\src\traditional\stdclib\vfprintf.c
                   __pa_6   0x0009c0    program     static C:\MCC18\src\traditional\stdclib\vfprintf.c
                   __pa_7   0x0009ca    program     static C:\MCC18\src\traditional\stdclib\vfprintf.c
                   __pa_8   0x0009d6    program     static C:\MCC18\src\traditional\stdclib\vfprintf.c
                   __pa_9   0x0009f8    program     static C:\MCC18\src\traditional\stdclib\vfprintf.c
                  __pa_10   0x000a18    program     static C:\MCC18\src\traditional\stdclib\vfprintf.c
                  __pa_11   0x000a26    program     static C:\MCC18\src\traditional\stdclib\vfprintf.c
                  __pa_12   0x000a3c    program     static C:\MCC18\src\traditional\stdclib\vfprintf.c
                  __pa_13   0x000a56    program     static C:\MCC18\src\traditional\stdclib\vfprintf.c
                  __pa_14   0x000a6e    program     static C:\MCC18\src\traditional\stdclib\vfprintf.c
                  __pa_15   0x000a7e    program     static C:\MCC18\src\traditional\stdclib\vfprintf.c
                  __pa_16   0x000a94    program     static C:\MCC18\src\traditional\stdclib\vfprintf.c
                  __pa_17   0x000aa6    program     static C:\MCC18\src\traditional\stdclib\vfprintf.c
                  __pa_18   0x000ab8    program     static C:\MCC18\src\traditional\stdclib\vfprintf.c
                  __pa_19   0x000ac2    program     static C:\MCC18\src\traditional\stdclib\vfprintf.c
                  __pa_20   0x000ad2    program     static C:\MCC18\src\traditional\stdclib\vfprintf.c
                  __pa_21   0x000ae2    program     static C:\MCC18\src\traditional\stdclib\vfprintf.c
                  __pa_22   0x000af2    program     static C:\MCC18\src\traditional\stdclib\vfprintf.c
              __tmplbl_42   0x000af2    program     static                          
                  __pa_23   0x000afe    program     static C:\MCC18\src\traditional\stdclib\vfprintf.c
                  __pa_24   0x000b0c    program     static C:\MCC18\src\traditional\stdclib\vfprintf.c
                  __pa_25   0x000b14    program     static C:\MCC18\src\traditional\stdclib\vfprintf.c
                  __pa_26   0x000b1e    program     static C:\MCC18\src\traditional\stdclib\vfprintf.c
                  __pa_27   0x000b28    program     static C:\MCC18\src\traditional\stdclib\vfprintf.c
                  __pa_28   0x000b30    program     static C:\MCC18\src\traditional\stdclib\vfprintf.c
                  __pa_29   0x000b3e    program     static C:\MCC18\src\traditional\stdclib\vfprintf.c
                  __pa_30   0x000b5a    program     static C:\MCC18\src\traditional\stdclib\vfprintf.c
                  __pa_31   0x000b74    program     static C:\MCC18\src\traditional\stdclib\vfprintf.c
                  __pa_32   0x000b8e    program     static C:\MCC18\src\traditional\stdclib\vfprintf.c
                  __pa_33   0x000ba6    program     static C:\MCC18\src\traditional\stdclib\vfprintf.c
                  __pa_34   0x000bb0    program     static C:\MCC18\src\traditional\stdclib\vfprintf.c
                  __pa_35   0x000bbe    program     static C:\MCC18\src\traditional\stdclib\vfprintf.c
                  __pa_36   0x000bc6    program     static C:\MCC18\src\traditional\stdclib\vfprintf.c
                  __pa_37   0x000bd0    program     static C:\MCC18\src\traditional\stdclib\vfprintf.c
                  __pa_38   0x000be0    program     static C:\MCC18\src\traditional\stdclib\vfprintf.c
                  __pa_39   0x000bee    program     static C:\MCC18\src\traditional\stdclib\vfprintf.c
                  __pa_40   0x000bfa    program     static C:\MCC18\src\traditional\stdclib\vfprintf.c
                  __pa_41   0x000c06    program     static C:\MCC18\src\traditional\stdclib\vfprintf.c
                  __pa_42   0x000c0e    program     static C:\MCC18\src\traditional\stdclib\vfprintf.c
                  __pa_43   0x000c18    program     static C:\MCC18\src\traditional\stdclib\vfprintf.c
                  __pa_44   0x000c1e    program     static C:\MCC18\src\traditional\stdclib\vfprintf.c
[...]
                    PTMRL   0x000f7d       data     extern C:\MCC18\src\traditional\proc\p18F4431.asm
               PTCON1bits   0x000f7e       data     extern C:\MCC18\src\traditional\proc\p18F4431.asm
                   PTCON1   0x000f7e       data     extern C:\MCC18\src\traditional\proc\p18F4431.asm
               PTCON0bits   0x000f7f       data     extern C:\MCC18\src\traditional\proc\p18F4431.asm
                   PTCON0   0x000f7f       data     extern C:\MCC18\src\traditional\proc\p18F4431.asm
                    PORTA   0x000f80       data     extern C:\MCC18\src\traditional\proc\p18F4431.asm
                PORTAbits   0x000f80       data     extern C:\MCC18\src\traditional\proc\p18F4431.asm
                    PORTB   0x000f81       data     extern C:\MCC18\src\traditional\proc\p18F4431.asm
                PORTBbits   0x000f81       data     extern C:\MCC18\src\traditional\proc\p18F4431.asm
                    PORTC   0x000f82       data     extern C:\MCC18\src\traditional\proc\p18F4431.asm
                PORTCbits   0x000f82       data     extern C:\MCC18\src\traditional\proc\p18F4431.asm
                    PORTD   0x000f83       data     extern C:\MCC18\src\traditional\proc\p18F4431.asm
                PORTDbits   0x000f83       data     extern C:\MCC18\src\traditional\proc\p18F4431.asm
                    PORTE   0x000f84       data     extern C:\MCC18\src\traditional\proc\p18F4431.asm
                PORTEbits   0x000f84       data     extern C:\MCC18\src\traditional\proc\p18F4431.asm
                    TMR5L   0x000f87       data     extern C:\MCC18\src\traditional\proc\p18F4431.asm
                    TMR5H   0x000f88       data     extern C:\MCC18\src\traditional\proc\p18F4431.asm
                     LATA   0x000f89       data     extern C:\MCC18\src\traditional\proc\p18F4431.asm
                 LATAbits   0x000f89       data     extern C:\MCC18\src\traditional\proc\p18F4431.asm
                     LATB   0x000f8a       data     extern C:\MCC18\src\traditional\proc\p18F4431.asm
                 LATBbits   0x000f8a       data     extern C:\MCC18\src\traditional\proc\p18F4431.asm
                 LATCbits   0x000f8b       data     extern C:\MCC18\src\traditional\proc\p18F4431.asm
                     LATC   0x000f8b       data     extern C:\MCC18\src\traditional\proc\p18F4431.asm
                 LATDbits   0x000f8c       data     extern C:\MCC18\src\traditional\proc\p18F4431.asm
                     LATD   0x000f8c       data     extern C:\MCC18\src\traditional\proc\p18F4431.asm
                 LATEbits   0x000f8d       data     extern C:\MCC18\src\traditional\proc\p18F4431.asm
                     LATE   0x000f8d       data     extern C:\MCC18\src\traditional\proc\p18F4431.asm
                     PR5L   0x000f90       data     extern C:\MCC18\src\traditional\proc\p18F4431.asm
                      PR5   0x000f90       data     extern C:\MCC18\src\traditional\proc\p18F4431.asm
                     PR5H   0x000f91       data     extern C:\MCC18\src\traditional\proc\p18F4431.asm
                    TRISA   0x000f92       data     extern C:\MCC18\src\traditional\proc\p18F4431.asm
                TRISAbits   0x000f92       data     extern C:\MCC18\src\traditional\proc\p18F4431.asm
                 DDRAbits   0x000f92       data     extern C:\MCC18\src\traditional\proc\p18F4431.asm
                     DDRA   0x000f92       data     extern C:\MCC18\src\traditional\proc\p18F4431.asm
                     DDRB   0x000f93       data     extern C:\MCC18\src\traditional\proc\p18F4431.asm
                 DDRBbits   0x000f93       data     extern C:\MCC18\src\traditional\proc\p18F4431.asm
                    TRISB   0x000f93       data     extern C:\MCC18\src\traditional\proc\p18F4431.asm
                TRISBbits   0x000f93       data     extern C:\MCC18\src\traditional\proc\p18F4431.asm
                     DDRC   0x000f94       data     extern C:\MCC18\src\traditional\proc\p18F4431.asm
                 DDRCbits   0x000f94       data     extern C:\MCC18\src\traditional\proc\p18F4431.asm
                    TRISC   0x000f94       data     extern C:\MCC18\src\traditional\proc\p18F4431.asm
                TRISCbits   0x000f94       data     extern C:\MCC18\src\traditional\proc\p18F4431.asm
                     DDRD   0x000f95       data     extern C:\MCC18\src\traditional\proc\p18F4431.asm
                 DDRDbits   0x000f95       data     extern C:\MCC18\src\traditional\proc\p18F4431.asm
                TRISDbits   0x000f95       data     extern C:\MCC18\src\traditional\proc\p18F4431.asm
                    TRISD   0x000f95       data     extern C:\MCC18\src\traditional\proc\p18F4431.asm
                    TRISE   0x000f96       data     extern C:\MCC18\src\traditional\proc\p18F4431.asm
                TRISEbits   0x000f96       data     extern C:\MCC18\src\traditional\proc\p18F4431.asm
                 DDREbits   0x000f96       data     extern C:\MCC18\src\traditional\proc\p18F4431.asm
                     DDRE   0x000f96       data     extern C:\MCC18\src\traditional\proc\p18F4431.asm
                ADCHSbits   0x000f99       data     extern C:\MCC18\src\traditional\proc\p18F4431.asm
                    ADCHS   0x000f99       data     extern C:\MCC18\src\traditional\proc\p18F4431.asm
               ADCON3bits   0x000f9a       data     extern C:\MCC18\src\traditional\proc\p18F4431.asm
                   ADCON3   0x000f9a       data     extern C:\MCC18\src\traditional\proc\p18F4431.asm
              OSCTUNEbits   0x000f9b       data     extern C:\MCC18\src\traditional\proc\p18F4431.asm
                  OSCTUNE   0x000f9b       data     extern C:\MCC18\src\traditional\proc\p18F4431.asm
                     PIE1   0x000f9d       data     extern C:\MCC18\src\traditional\proc\p18F4431.asm
                 PIE1bits   0x000f9d       data     extern C:\MCC18\src\traditional\proc\p18F4431.asm
                 PIR1bits   0x000f9e       data     extern C:\MCC18\src\traditional\proc\p18F4431.asm
                     PIR1   0x000f9e       data     extern C:\MCC18\src\traditional\proc\p18F4431.asm
                 IPR1bits   0x000f9f       data     extern C:\MCC18\src\traditional\proc\p18F4431.asm
                     IPR1   0x000f9f       data     extern C:\MCC18\src\traditional\proc\p18F4431.asm
                     PIE2   0x000fa0       data     extern C:\MCC18\src\traditional\proc\p18F4431.asm
                 PIE2bits   0x000fa0       data     extern C:\MCC18\src\traditional\proc\p18F4431.asm
                 PIR2bits   0x000fa1       data     extern C:\MCC18\src\traditional\proc\p18F4431.asm
                     PIR2   0x000fa1       data     extern C:\MCC18\src\traditional\proc\p18F4431.asm
                     IPR2   0x000fa2       data     extern C:\MCC18\src\traditional\proc\p18F4431.asm
                 IPR2bits   0x000fa2       data     extern C:\MCC18\src\traditional\proc\p18F4431.asm
                     PIE3   0x000fa3       data     extern C:\MCC18\src\traditional\proc\p18F4431.asm
                 PIE3bits   0x000fa3       data     extern C:\MCC18\src\traditional\proc\p18F4431.asm
                     PIR3   0x000fa4       data     extern C:\MCC18\src\traditional\proc\p18F4431.asm
                 PIR3bits   0x000fa4       data     extern C:\MCC18\src\traditional\proc\p18F4431.asm
                 IPR3bits   0x000fa5       data     extern C:\MCC18\src\traditional\proc\p18F4431.asm
                     IPR3   0x000fa5       data     extern C:\MCC18\src\traditional\proc\p18F4431.asm
                   EECON1   0x000fa6       data     extern C:\MCC18\src\traditional\proc\p18F4431.asm
               EECON1bits   0x000fa6       data     extern C:\MCC18\src\traditional\proc\p18F4431.asm
                   EECON2   0x000fa7       data     extern C:\MCC18\src\traditional\proc\p18F4431.asm
                   EEDATA   0x000fa8       data     extern C:\MCC18\src\traditional\proc\p18F4431.asm
                    EEADR   0x000fa9       data     extern C:\MCC18\src\traditional\proc\p18F4431.asm
              BAUDCTLbits   0x000faa       data     extern C:\MCC18\src\traditional\proc\p18F4431.asm
                  BAUDCTL   0x000faa       data     extern C:\MCC18\src\traditional\proc\p18F4431.asm
              BAUDCONbits   0x000faa       data     extern C:\MCC18\src\traditional\proc\p18F4431.asm
                  BAUDCON   0x000faa       data     extern C:\MCC18\src\traditional\proc\p18F4431.asm
                RCSTAbits   0x000fab       data     extern C:\MCC18\src\traditional\proc\p18F4431.asm
                    RCSTA   0x000fab       data     extern C:\MCC18\src\traditional\proc\p18F4431.asm
                    TXSTA   0x000fac       data     extern C:\MCC18\src\traditional\proc\p18F4431.asm
                TXSTAbits   0x000fac       data     extern C:\MCC18\src\traditional\proc\p18F4431.asm
                    TXREG   0x000fad       data     extern C:\MCC18\src\traditional\proc\p18F4431.asm
                    RCREG   0x000fae       data     extern C:\MCC18\src\traditional\proc\p18F4431.asm
                    SPBRG   0x000faf       data     extern C:\MCC18\src\traditional\proc\p18F4431.asm
                   SPBRGH   0x000fb0       data     extern C:\MCC18\src\traditional\proc\p18F4431.asm
                   QEICON   0x000fb6       data     extern C:\MCC18\src\traditional\proc\p18F4431.asm
               QEICONbits   0x000fb6       data     extern C:\MCC18\src\traditional\proc\p18F4431.asm
                T5CONbits   0x000fb7       data     extern C:\MCC18\src\traditional\proc\p18F4431.asm
                    T5CON   0x000fb7       data     extern C:\MCC18\src\traditional\proc\p18F4431.asm
                   ANSEL0   0x000fb8       data     extern C:\MCC18\src\traditional\proc\p18F4431.asm
               ANSEL0bits   0x000fb8       data     extern C:\MCC18\src\traditional\proc\p18F4431.asm
                   ANSEL1   0x000fb9       data     extern C:\MCC18\src\traditional\proc\p18F4431.asm
               ANSEL1bits   0x000fb9       data     extern C:\MCC18\src\traditional\proc\p18F4431.asm
              CCP2CONbits   0x000fba       data     extern C:\MCC18\src\traditional\proc\p18F4431.asm
                  CCP2CON   0x000fba       data     extern C:\MCC18\src\traditional\proc\p18F4431.asm
                    CCPR2   0x000fbb       data     extern C:\MCC18\src\traditional\proc\p18F4431.asm
                   CCPR2L   0x000fbb       data     extern C:\MCC18\src\traditional\proc\p18F4431.asm
                   CCPR2H   0x000fbc       data     extern C:\MCC18\src\traditional\proc\p18F4431.asm
                  CCP1CON   0x000fbd       data     extern C:\MCC18\src\traditional\proc\p18F4431.asm
              CCP1CONbits   0x000fbd       data     extern C:\MCC18\src\traditional\proc\p18F4431.asm
                    CCPR1   0x000fbe       data     extern C:\MCC18\src\traditional\proc\p18F4431.asm
                   CCPR1L   0x000fbe       data     extern C:\MCC18\src\traditional\proc\p18F4431.asm
                   CCPR1H   0x000fbf       data     extern C:\MCC18\src\traditional\proc\p18F4431.asm
               ADCON2bits   0x000fc0       data     extern C:\MCC18\src\traditional\proc\p18F4431.asm
                   ADCON2   0x000fc0       data     extern C:\MCC18\src\traditional\proc\p18F4431.asm
               ADCON1bits   0x000fc1       data     extern C:\MCC18\src\traditional\proc\p18F4431.asm
                   ADCON1   0x000fc1       data     extern C:\MCC18\src\traditional\proc\p18F4431.asm
               ADCON0bits   0x000fc2       data     extern C:\MCC18\src\traditional\proc\p18F4431.asm
                   ADCON0   0x000fc2       data     extern C:\MCC18\src\traditional\proc\p18F4431.asm
                   ADRESL   0x000fc3       data     extern C:\MCC18\src\traditional\proc\p18F4431.asm
                    ADRES   0x000fc3       data     extern C:\MCC18\src\traditional\proc\p18F4431.asm
                   ADRESH   0x000fc4       data     extern C:\MCC18\src\traditional\proc\p18F4431.asm
                   SSPCON   0x000fc6       data     extern C:\MCC18\src\traditional\proc\p18F4431.asm
               SSPCONbits   0x000fc6       data     extern C:\MCC18\src\traditional\proc\p18F4431.asm
                  SSPSTAT   0x000fc7       data     extern C:\MCC18\src\traditional\proc\p18F4431.asm
              SSPSTATbits   0x000fc7       data     extern C:\MCC18\src\traditional\proc\p18F4431.asm
                   SSPADD   0x000fc8       data     extern C:\MCC18\src\traditional\proc\p18F4431.asm
                   SSPBUF   0x000fc9       data     extern C:\MCC18\src\traditional\proc\p18F4431.asm
                    T2CON   0x000fca       data     extern C:\MCC18\src\traditional\proc\p18F4431.asm
                T2CONbits   0x000fca       data     extern C:\MCC18\src\traditional\proc\p18F4431.asm
                      PR2   0x000fcb       data     extern C:\MCC18\src\traditional\proc\p18F4431.asm
                     TMR2   0x000fcc       data     extern C:\MCC18\src\traditional\proc\p18F4431.asm
                T1CONbits   0x000fcd       data     extern C:\MCC18\src\traditional\proc\p18F4431.asm
                    T1CON   0x000fcd       data     extern C:\MCC18\src\traditional\proc\p18F4431.asm
                    TMR1L   0x000fce       data     extern C:\MCC18\src\traditional\proc\p18F4431.asm
                    TMR1H   0x000fcf       data     extern C:\MCC18\src\traditional\proc\p18F4431.asm
                 RCONbits   0x000fd0       data     extern C:\MCC18\src\traditional\proc\p18F4431.asm
                     RCON   0x000fd0       data     extern C:\MCC18\src\traditional\proc\p18F4431.asm
               WDTCONbits   0x000fd1       data     extern C:\MCC18\src\traditional\proc\p18F4431.asm
                   WDTCON   0x000fd1       data     extern C:\MCC18\src\traditional\proc\p18F4431.asm
               LVDCONbits   0x000fd2       data     extern C:\MCC18\src\traditional\proc\p18F4431.asm
                   LVDCON   0x000fd2       data     extern C:\MCC18\src\traditional\proc\p18F4431.asm
               OSCCONbits   0x000fd3       data     extern C:\MCC18\src\traditional\proc\p18F4431.asm
                   OSCCON   0x000fd3       data     extern C:\MCC18\src\traditional\proc\p18F4431.asm
                T0CONbits   0x000fd5       data     extern C:\MCC18\src\traditional\proc\p18F4431.asm
                    T0CON   0x000fd5       data     extern C:\MCC18\src\traditional\proc\p18F4431.asm
                    TMR0L   0x000fd6       data     extern C:\MCC18\src\traditional\proc\p18F4431.asm
                    TMR0H   0x000fd7       data     extern C:\MCC18\src\traditional\proc\p18F4431.asm
                   STATUS   0x000fd8       data     extern C:\MCC18\src\traditional\proc\p18F4431.asm
               STATUSbits   0x000fd8       data     extern C:\MCC18\src\traditional\proc\p18F4431.asm
                    FSR2L   0x000fd9       data     extern C:\MCC18\src\traditional\proc\p18F4431.asm
                     FSR2   0x000fd9       data     extern C:\MCC18\src\traditional\proc\p18F4431.asm
                    FSR2H   0x000fda       data     extern C:\MCC18\src\traditional\proc\p18F4431.asm
                   PLUSW2   0x000fdb       data     extern C:\MCC18\src\traditional\proc\p18F4431.asm
                  PREINC2   0x000fdc       data     extern C:\MCC18\src\traditional\proc\p18F4431.asm
                 POSTDEC2   0x000fdd       data     extern C:\MCC18\src\traditional\proc\p18F4431.asm
                 POSTINC2   0x000fde       data     extern C:\MCC18\src\traditional\proc\p18F4431.asm
                    INDF2   0x000fdf       data     extern C:\MCC18\src\traditional\proc\p18F4431.asm
                      BSR   0x000fe0       data     extern C:\MCC18\src\traditional\proc\p18F4431.asm
                     FSR1   0x000fe1       data     extern C:\MCC18\src\traditional\proc\p18F4431.asm
                    FSR1L   0x000fe1       data     extern C:\MCC18\src\traditional\proc\p18F4431.asm
                    FSR1H   0x000fe2       data     extern C:\MCC18\src\traditional\proc\p18F4431.asm
                   PLUSW1   0x000fe3       data     extern C:\MCC18\src\traditional\proc\p18F4431.asm
                  PREINC1   0x000fe4       data     extern C:\MCC18\src\traditional\proc\p18F4431.asm
                 POSTDEC1   0x000fe5       data     extern C:\MCC18\src\traditional\proc\p18F4431.asm
                 POSTINC1   0x000fe6       data     extern C:\MCC18\src\traditional\proc\p18F4431.asm
                    INDF1   0x000fe7       data     extern C:\MCC18\src\traditional\proc\p18F4431.asm
                     WREG   0x000fe8       data     extern C:\MCC18\src\traditional\proc\p18F4431.asm
                     FSR0   0x000fe9       data     extern C:\MCC18\src\traditional\proc\p18F4431.asm
                    FSR0L   0x000fe9       data     extern C:\MCC18\src\traditional\proc\p18F4431.asm
                    FSR0H   0x000fea       data     extern C:\MCC18\src\traditional\proc\p18F4431.asm
                   PLUSW0   0x000feb       data     extern C:\MCC18\src\traditional\proc\p18F4431.asm
                  PREINC0   0x000fec       data     extern C:\MCC18\src\traditional\proc\p18F4431.asm
                 POSTDEC0   0x000fed       data     extern C:\MCC18\src\traditional\proc\p18F4431.asm
                 POSTINC0   0x000fee       data     extern C:\MCC18\src\traditional\proc\p18F4431.asm
                    INDF0   0x000fef       data     extern C:\MCC18\src\traditional\proc\p18F4431.asm
                  INTCON3   0x000ff0       data     extern C:\MCC18\src\traditional\proc\p18F4431.asm
              INTCON3bits   0x000ff0       data     extern C:\MCC18\src\traditional\proc\p18F4431.asm
                  INTCON2   0x000ff1       data     extern C:\MCC18\src\traditional\proc\p18F4431.asm
              INTCON2bits   0x000ff1       data     extern C:\MCC18\src\traditional\proc\p18F4431.asm
                   INTCON   0x000ff2       data     extern C:\MCC18\src\traditional\proc\p18F4431.asm
               INTCONbits   0x000ff2       data     extern C:\MCC18\src\traditional\proc\p18F4431.asm
                     PROD   0x000ff3       data     extern C:\MCC18\src\traditional\proc\p18F4431.asm
                    PRODL   0x000ff3       data     extern C:\MCC18\src\traditional\proc\p18F4431.asm
                    PRODH   0x000ff4       data     extern C:\MCC18\src\traditional\proc\p18F4431.asm
                   TABLAT   0x000ff5       data     extern C:\MCC18\src\traditional\proc\p18F4431.asm
                  TBLPTRL   0x000ff6       data     extern C:\MCC18\src\traditional\proc\p18F4431.asm
                   TBLPTR   0x000ff6       data     extern C:\MCC18\src\traditional\proc\p18F4431.asm
                  TBLPTRH   0x000ff7       data     extern C:\MCC18\src\traditional\proc\p18F4431.asm
                  TBLPTRU   0x000ff8       data     extern C:\MCC18\src\traditional\proc\p18F4431.asm
                      PCL   0x000ff9       data     extern C:\MCC18\src\traditional\proc\p18F4431.asm
                       PC   0x000ff9       data     extern C:\MCC18\src\traditional\proc\p18F4431.asm
                   PCLATH   0x000ffa       data     extern C:\MCC18\src\traditional\proc\p18F4431.asm
                   PCLATU   0x000ffb       data     extern C:\MCC18\src\traditional\proc\p18F4431.asm
               STKPTRbits   0x000ffc       data     extern C:\MCC18\src\traditional\proc\p18F4431.asm
                   STKPTR   0x000ffc       data     extern C:\MCC18\src\traditional\proc\p18F4431.asm
                      TOS   0x000ffd       data     extern C:\MCC18\src\traditional\proc\p18F4431.asm
                     TOSL   0x000ffd       data     extern C:\MCC18\src\traditional\proc\p18F4431.asm
                     TOSH   0x000ffe       data     extern C:\MCC18\src\traditional\proc\p18F4431.asm
                     TOSU   0x000fff       data     extern C:\MCC18\src\traditional\proc\p18F4431.asm


